Archive member included because of file (symbol)

contiki-sky.a(rimeaddr.o)     obj_sky/contiki-sky-main.o (rimeaddr_copy)
contiki-sky.a(rime.o)         obj_sky/contiki-sky-main.o (rime_driver)
contiki-sky.a(announcement.o)
                              contiki-sky.a(rime.o) (announcement_init)
contiki-sky.a(broadcast-annou)
                              contiki-sky.a(rime.o) (broadcast_announcement_init)
contiki-sky.a(broadcast.o)    week3_a_broadcast.co (broadcast_open)
contiki-sky.a(abc.o)          contiki-sky.a(broadcast.o) (abc_open)
contiki-sky.a(chameleon.o)    contiki-sky.a(rime.o) (chameleon_init)
contiki-sky.a(channel.o)      contiki-sky.a(chameleon.o) (channel_init)
contiki-sky.a(chameleon-bitop)
                              contiki-sky.a(chameleon.o) (chameleon_bitopt)
contiki-sky.a(csma.o)         obj_sky/contiki-sky-main.o (csma_driver)
contiki-sky.a(contikimac.o)   obj_sky/contiki-sky-main.o (contikimac_driver)
contiki-sky.a(process.o)      obj_sky/contiki-sky-main.o (process_init)
contiki-sky.a(autostart.o)    obj_sky/contiki-sky-main.o (autostart_start)
contiki-sky.a(compower.o)     contiki-sky.a(contikimac.o) (compower_idle_activity)
contiki-sky.a(serial-line.o)  obj_sky/contiki-sky-main.o (serial_line_input_byte)
contiki-sky.a(memb.o)         contiki-sky.a(csma.o) (memb_init)
contiki-sky.a(timer.o)        obj_sky/contiki-sky-main.o (timer_set)
contiki-sky.a(list.o)         contiki-sky.a(announcement.o) (list_init)
contiki-sky.a(etimer.o)       obj_sky/contiki-sky-main.o (etimer_process)
contiki-sky.a(ctimer.o)       obj_sky/contiki-sky-main.o (ctimer_init)
contiki-sky.a(energest.o)     obj_sky/contiki-sky-main.o (energest_init)
contiki-sky.a(rtimer.o)       obj_sky/contiki-sky-main.o (rtimer_init)
contiki-sky.a(random.o)       obj_sky/contiki-sky-main.o (random_init)
contiki-sky.a(ringbuf.o)      contiki-sky.a(serial-line.o) (ringbuf_init)
contiki-sky.a(packetbuf.o)    contiki-sky.a(contikimac.o) (packetbuf_hdr_remove)
contiki-sky.a(queuebuf.o)     contiki-sky.a(rime.o) (queuebuf_init)
contiki-sky.a(contiki-sky-pla)
                              obj_sky/contiki-sky-main.o (init_platform)
contiki-sky.a(button-sensor.o)
                              contiki-sky.a(contiki-sky-pla) (button_sensor)
contiki-sky.a(ds2411.o)       obj_sky/contiki-sky-main.o (ds2411_init)
contiki-sky.a(xmem.o)         obj_sky/contiki-sky-main.o (xmem_init)
contiki-sky.a(node-id.o)      obj_sky/contiki-sky-main.o (node_id_restore)
contiki-sky.a(sensors.o)      contiki-sky.a(button-sensor.o) (sensors_changed)
contiki-sky.a(cc2420.o)       obj_sky/contiki-sky-main.o (cc2420_set_channel)
contiki-sky.a(cc2420-arch.o)  contiki-sky.a(cc2420.o) (cc2420_arch_init)
contiki-sky.a(uart1.o)        obj_sky/contiki-sky-main.o (uart1_active)
contiki-sky.a(uart1-putchar.o)
                              obj_sky/contiki-sky-main.o (putchar)
contiki-sky.a(msp430.o)       contiki-sky.a(uart1.o) (msp430_add_lpm_req)
contiki-sky.a(clock.o)        contiki-sky.a(timer.o) (clock_time)
contiki-sky.a(leds.o)         obj_sky/contiki-sky-main.o (leds_init)
contiki-sky.a(leds-arch.o)    contiki-sky.a(leds.o) (leds_arch_init)
contiki-sky.a(watchdog.o)     obj_sky/contiki-sky-main.o (watchdog_start)
contiki-sky.a(rtimer-arch.o)  contiki-sky.a(rtimer.o) (rtimer_arch_init)
contiki-sky.a(mac.o)          contiki-sky.a(csma.o) (mac_call_sent_callback)
contiki-sky.a(framer-802154.o)
                              contiki-sky.a(contikimac.o) (framer_802154)
contiki-sky.a(spi.o)          contiki-sky.a(xmem.o) (spi_init)
contiki-sky.a(frame802154.o)  contiki-sky.a(framer-802154.o) (frame802154_hdrlen)
/usr/lib/gcc/msp430/4.5.3/mmpy-16/libgcc.a(_mulsi3.o)
                              contiki-sky.a(csma.o) (__mulsi3)
/usr/lib/gcc/msp430/4.5.3/mmpy-16/libgcc.a(_divmodhi4.o)
                              week3_a_broadcast.co (__divmodhi4)
/usr/lib/gcc/msp430/4.5.3/mmpy-16/libgcc.a(_udivmodsi4.o)
                              obj_sky/contiki-sky-main.o (__udivmodsi4)
/usr/lib/gcc/msp430/4.5.3/mmpy-16/libgcc.a(_udivmodhi4.o)
                              /usr/lib/gcc/msp430/4.5.3/mmpy-16/libgcc.a(_divmodhi4.o) (__udivmodhi4)
/usr/lib/gcc/msp430/4.5.3/../../../../msp430/lib/mmpy-16/libc.a(strncmp.o)
                              contiki-sky.a(sensors.o) (strncmp)
/usr/lib/gcc/msp430/4.5.3/../../../../msp430/lib/mmpy-16/libc.a(memcmp.o)
                              contiki-sky.a(rimeaddr.o) (memcmp)
/usr/lib/gcc/msp430/4.5.3/../../../../msp430/lib/mmpy-16/libc.a(memcpy.o)
                              contiki-sky.a(broadcast-annou) (memcpy)
/usr/lib/gcc/msp430/4.5.3/../../../../msp430/lib/mmpy-16/libc.a(memset.o)
                              obj_sky/contiki-sky-main.o (memset)
/usr/lib/gcc/msp430/4.5.3/../../../../msp430/lib/mmpy-16/libc.a(printf.o)
                              week3_a_broadcast.co (printf)
/usr/lib/gcc/msp430/4.5.3/../../../../msp430/lib/mmpy-16/libc.a(vuprintf.o)
                              /usr/lib/gcc/msp430/4.5.3/../../../../msp430/lib/mmpy-16/libc.a(printf.o) (vuprintf)
/usr/lib/gcc/msp430/4.5.3/../../../../msp430/lib/mmpy-16/libc.a(puts.o)
                              week3_a_broadcast.co (puts)
/usr/lib/gcc/msp430/4.5.3/../../../../msp430/lib/mmpy-16/libc.a(rand.o)
                              contiki-sky.a(random.o) (rand)
/usr/lib/gcc/msp430/4.5.3/mmpy-16/libcrt0.a(_reset_vector__.o)
                              (_reset_vector__)
/usr/lib/gcc/msp430/4.5.3/mmpy-16/libcrt0.a(__init_stack.o)
                              /usr/lib/gcc/msp430/4.5.3/mmpy-16/libcrt0.a(_reset_vector__.o) (__init_stack)
/usr/lib/gcc/msp430/4.5.3/mmpy-16/libcrt0.a(__low_level_init.o)
                              /usr/lib/gcc/msp430/4.5.3/mmpy-16/libcrt0.a(_reset_vector__.o) (__low_level_init)
/usr/lib/gcc/msp430/4.5.3/mmpy-16/libcrt0.a(_copy_data.o)
                              /usr/lib/gcc/msp430/4.5.3/mmpy-16/libcrt0.a(_reset_vector__.o) (__do_copy_data)
/usr/lib/gcc/msp430/4.5.3/mmpy-16/libcrt0.a(_clear_bss.o)
                              /usr/lib/gcc/msp430/4.5.3/mmpy-16/libcrt0.a(_reset_vector__.o) (__do_clear_bss)
/usr/lib/gcc/msp430/4.5.3/mmpy-16/libcrt0.a(__stop_progExec__.o)
                              /usr/lib/gcc/msp430/4.5.3/mmpy-16/libcrt0.a(_reset_vector__.o) (__stop_progExec__)
/usr/lib/gcc/msp430/4.5.3/mmpy-16/libcrt0.a(_endless_loop__.o)
                              /usr/lib/gcc/msp430/4.5.3/mmpy-16/libcrt0.a(_reset_vector__.o) (_endless_loop__)
/usr/lib/gcc/msp430/4.5.3/mmpy-16/libcrt0.a(_unexpected_.o)
                              /usr/lib/gcc/msp430/4.5.3/mmpy-16/crt0ivtbl16.o (_unexpected_)

Allocating common symbols
Common symbol       size              file

compower_idle_activity
                    0x8               contiki-sky.a(compower.o)
energest_total_time
                    0x30              contiki-sky.a(energest.o)
cc2420_last_rssi    0x1               contiki-sky.a(cc2420.o)
cc2420_packets_read
                    0x2               contiki-sky.a(cc2420.o)
cc2420_packets_seen
                    0x2               contiki-sky.a(cc2420.o)
energest_total_count
                    0x2               contiki-sky.a(energest.o)
cc2420_sfd_start_time
                    0x2               contiki-sky.a(cc2420.o)
cc2420_time_of_departure
                    0x2               contiki-sky.a(cc2420.o)
cc2420_time_of_arrival
                    0x2               contiki-sky.a(cc2420.o)
energest_current_mode
                    0xc               contiki-sky.a(energest.o)
packetbuf_addrs     0x8               contiki-sky.a(packetbuf.o)
rimeaddr_node_addr  0x2               contiki-sky.a(rimeaddr.o)
process_maxevents   0x1               contiki-sky.a(process.o)
cc2420_last_correlation
                    0x1               contiki-sky.a(cc2420.o)
cc2420_authority_level_of_sender
                    0x2               contiki-sky.a(cc2420.o)
packetbuf_attrs     0x30              contiki-sky.a(packetbuf.o)
msp430_dco_required
                    0x2               contiki-sky.a(msp430.o)
cc2420_sfd_counter  0x1               contiki-sky.a(cc2420.o)
energest_current_time
                    0x18              contiki-sky.a(energest.o)
sensors_flags       0x2               contiki-sky.a(contiki-sky-pla)
serial_line_event_message
                    0x1               contiki-sky.a(serial-line.o)
cc2420_sfd_end_time
                    0x2               contiki-sky.a(cc2420.o)
sensors_event       0x1               contiki-sky.a(sensors.o)
ds2411_id           0x8               contiki-sky.a(ds2411.o)

Discarded input sections

 .data          0x00000000        0x0 /usr/lib/gcc/msp430/4.5.3/mmpy-16/crt0ivtbl16.o
 .bss           0x00000000        0x0 /usr/lib/gcc/msp430/4.5.3/mmpy-16/crt0ivtbl16.o
 .text.crt0     0x00000000        0x0 /usr/lib/gcc/msp430/4.5.3/mmpy-16/crt0ivtbl16.o
 .data          0x00000000        0x0 obj_sky/contiki-sky-main.o
 .text.uip_log  0x00000000        0x6 obj_sky/contiki-sky-main.o
 .data          0x00000000        0x0 contiki-sky.a(rimeaddr.o)
 .bss           0x00000000        0x0 contiki-sky.a(rimeaddr.o)
 .data          0x00000000        0x0 contiki-sky.a(rime.o)
 .text.rime_sniffer_add
                0x00000000        0xc contiki-sky.a(rime.o)
 .text.rime_sniffer_remove
                0x00000000        0xc contiki-sky.a(rime.o)
 .text          0x00000000        0x0 contiki-sky.a(announcement.o)
 .data          0x00000000        0x0 contiki-sky.a(announcement.o)
 .text.announcement_register
                0x00000000       0x3e contiki-sky.a(announcement.o)
 .text.announcement_remove
                0x00000000        0xc contiki-sky.a(announcement.o)
 .text.announcement_remove_value
                0x00000000       0x22 contiki-sky.a(announcement.o)
 .text.announcement_set_value
                0x00000000       0x28 contiki-sky.a(announcement.o)
 .text.announcement_bump
                0x00000000       0x22 contiki-sky.a(announcement.o)
 .text.announcement_listen
                0x00000000        0xc contiki-sky.a(announcement.o)
 .text.announcement_register_listen_callback
                0x00000000        0x6 contiki-sky.a(announcement.o)
 .data          0x00000000        0x0 contiki-sky.a(broadcast-annou)
 .text.broadcast_announcement_stop
                0x00000000       0x22 contiki-sky.a(broadcast-annou)
 .text.broadcast_announcement_beacon_interval
                0x00000000        0xa contiki-sky.a(broadcast-annou)
 .data          0x00000000        0x0 contiki-sky.a(broadcast.o)
 .bss           0x00000000        0x0 contiki-sky.a(broadcast.o)
 .data          0x00000000        0x0 contiki-sky.a(abc.o)
 .bss           0x00000000        0x0 contiki-sky.a(abc.o)
 .text          0x00000000        0x0 contiki-sky.a(chameleon.o)
 .data          0x00000000        0x0 contiki-sky.a(chameleon.o)
 .bss           0x00000000        0x0 contiki-sky.a(chameleon.o)
 .text          0x00000000        0x0 contiki-sky.a(channel.o)
 .data          0x00000000        0x0 contiki-sky.a(channel.o)
 .data          0x00000000        0x0 contiki-sky.a(chameleon-bitop)
 .bss           0x00000000        0x0 contiki-sky.a(chameleon-bitop)
 .data          0x00000000        0x0 contiki-sky.a(contikimac.o)
 .text.contikimac_debug_print
                0x00000000        0x4 contiki-sky.a(contikimac.o)
 .text          0x00000000        0x0 contiki-sky.a(process.o)
 .data          0x00000000        0x0 contiki-sky.a(process.o)
 .text.process_exit
                0x00000000        0xa contiki-sky.a(process.o)
 .text.process_is_running
                0x00000000        0xe contiki-sky.a(process.o)
 .text          0x00000000        0x0 contiki-sky.a(autostart.o)
 .data          0x00000000        0x0 contiki-sky.a(autostart.o)
 .bss           0x00000000        0x0 contiki-sky.a(autostart.o)
 .text.autostart_exit
                0x00000000       0x16 contiki-sky.a(autostart.o)
 .text          0x00000000        0x0 contiki-sky.a(compower.o)
 .data          0x00000000        0x0 contiki-sky.a(compower.o)
 .text.compower_init
                0x00000000       0x12 contiki-sky.a(compower.o)
 .text.compower_accumulate_attrs
                0x00000000       0x22 contiki-sky.a(compower.o)
 .text          0x00000000        0x0 contiki-sky.a(memb.o)
 .data          0x00000000        0x0 contiki-sky.a(memb.o)
 .bss           0x00000000        0x0 contiki-sky.a(memb.o)
 .text          0x00000000        0x0 contiki-sky.a(timer.o)
 .data          0x00000000        0x0 contiki-sky.a(timer.o)
 .bss           0x00000000        0x0 contiki-sky.a(timer.o)
 .text.timer_restart
                0x00000000       0x14 contiki-sky.a(timer.o)
 .text.timer_remaining
                0x00000000       0x28 contiki-sky.a(timer.o)
 .text          0x00000000        0x0 contiki-sky.a(list.o)
 .data          0x00000000        0x0 contiki-sky.a(list.o)
 .bss           0x00000000        0x0 contiki-sky.a(list.o)
 .text.list_copy
                0x00000000        0x6 contiki-sky.a(list.o)
 .text.list_chop
                0x00000000       0x2a contiki-sky.a(list.o)
 .text.list_pop
                0x00000000        0xe contiki-sky.a(list.o)
 .text.list_insert
                0x00000000       0x16 contiki-sky.a(list.o)
 .text.etimer_restart
                0x00000000       0x12 contiki-sky.a(etimer.o)
 .text.etimer_adjust
                0x00000000       0x1a contiki-sky.a(etimer.o)
 .text.etimer_expired
                0x00000000        0xe contiki-sky.a(etimer.o)
 .text.etimer_expiration_time
                0x00000000       0x14 contiki-sky.a(etimer.o)
 .text.etimer_start_time
                0x00000000        0x8 contiki-sky.a(etimer.o)
 .text.ctimer_restart
                0x00000000       0x3a contiki-sky.a(ctimer.o)
 .text.ctimer_expired
                0x00000000       0x32 contiki-sky.a(ctimer.o)
 .text          0x00000000        0x0 contiki-sky.a(energest.o)
 .data          0x00000000        0x0 contiki-sky.a(energest.o)
 .bss           0x00000000        0x0 contiki-sky.a(energest.o)
 .text.energest_leveldevice_leveltime
                0x00000000        0x6 contiki-sky.a(energest.o)
 .text          0x00000000        0x0 contiki-sky.a(rtimer.o)
 .data          0x00000000        0x0 contiki-sky.a(rtimer.o)
 .text          0x00000000        0x0 contiki-sky.a(random.o)
 .data          0x00000000        0x0 contiki-sky.a(random.o)
 .bss           0x00000000        0x0 contiki-sky.a(random.o)
 .text          0x00000000        0x0 contiki-sky.a(ringbuf.o)
 .data          0x00000000        0x0 contiki-sky.a(ringbuf.o)
 .bss           0x00000000        0x0 contiki-sky.a(ringbuf.o)
 .text.ringbuf_size
                0x00000000        0x8 contiki-sky.a(ringbuf.o)
 .text.ringbuf_elements
                0x00000000       0x12 contiki-sky.a(ringbuf.o)
 .text          0x00000000        0x0 contiki-sky.a(packetbuf.o)
 .data          0x00000000        0x0 contiki-sky.a(packetbuf.o)
 .text.packetbuf_clear_hdr
                0x00000000        0x8 contiki-sky.a(packetbuf.o)
 .text.packetbuf_hdrlen
                0x00000000        0xa contiki-sky.a(packetbuf.o)
 .text.packetbuf_reference
                0x00000000       0x1a contiki-sky.a(packetbuf.o)
 .text          0x00000000        0x0 contiki-sky.a(queuebuf.o)
 .text.queuebuf_dataptr
                0x00000000       0x34 contiki-sky.a(queuebuf.o)
 .text.queuebuf_datalen
                0x00000000        0x6 contiki-sky.a(queuebuf.o)
 .text.queuebuf_addr
                0x00000000        0xe contiki-sky.a(queuebuf.o)
 .text.queuebuf_debug_print
                0x00000000        0x2 contiki-sky.a(queuebuf.o)
 .text          0x00000000        0x0 contiki-sky.a(contiki-sky-pla)
 .bss           0x00000000        0x0 contiki-sky.a(contiki-sky-pla)
 .data          0x00000000        0x0 contiki-sky.a(button-sensor.o)
 .text          0x00000000        0x0 contiki-sky.a(ds2411.o)
 .data          0x00000000        0x0 contiki-sky.a(ds2411.o)
 .bss           0x00000000        0x0 contiki-sky.a(ds2411.o)
 .text          0x00000000        0x0 contiki-sky.a(xmem.o)
 .data          0x00000000        0x0 contiki-sky.a(xmem.o)
 .bss           0x00000000        0x0 contiki-sky.a(xmem.o)
 .text.write_enable
                0x00000000       0x28 contiki-sky.a(xmem.o)
 .text.xmem_pwrite
                0x00000000      0x13e contiki-sky.a(xmem.o)
 .text.xmem_erase
                0x00000000       0xaa contiki-sky.a(xmem.o)
 .text          0x00000000        0x0 contiki-sky.a(node-id.o)
 .data          0x00000000        0x0 contiki-sky.a(node-id.o)
 .text.node_id_burn
                0x00000000       0x36 contiki-sky.a(node-id.o)
 .text.sensors_first
                0x00000000        0x6 contiki-sky.a(sensors.o)
 .text.sensors_next
                0x00000000        0xe contiki-sky.a(sensors.o)
 .text.sensors_find
                0x00000000       0x50 contiki-sky.a(sensors.o)
 .text.cc2420_get_channel
                0x00000000        0x6 contiki-sky.a(cc2420.o)
 .text.cc2420_set_txpower
                0x00000000        0xe contiki-sky.a(cc2420.o)
 .text.cc2420_rssi
                0x00000000       0x64 contiki-sky.a(cc2420.o)
 .text.cc2420_cca_valid
                0x00000000       0x26 contiki-sky.a(cc2420.o)
 .text.cc2420_set_cca_threshold
                0x00000000       0x16 contiki-sky.a(cc2420.o)
 .text          0x00000000        0x0 contiki-sky.a(cc2420-arch.o)
 .data          0x00000000        0x0 contiki-sky.a(cc2420-arch.o)
 .bss           0x00000000        0x0 contiki-sky.a(cc2420-arch.o)
 .text          0x00000000        0x0 contiki-sky.a(uart1.o)
 .data          0x00000000        0x0 contiki-sky.a(uart1.o)
 .text          0x00000000        0x0 contiki-sky.a(uart1-putchar.o)
 .data          0x00000000        0x0 contiki-sky.a(uart1-putchar.o)
 .bss           0x00000000        0x0 contiki-sky.a(uart1-putchar.o)
 .text          0x00000000        0x0 contiki-sky.a(msp430.o)
 .bss           0x00000000        0x0 contiki-sky.a(msp430.o)
 .text.msp430_remove_lpm_req
                0x00000000        0xa contiki-sky.a(msp430.o)
 .text.sbrk     0x00000000       0x58 contiki-sky.a(msp430.o)
 .text          0x00000000        0x0 contiki-sky.a(clock.o)
 .data          0x00000000        0x0 contiki-sky.a(clock.o)
 .text.clock_set
                0x00000000       0x16 contiki-sky.a(clock.o)
 .text.clock_fine_max
                0x00000000        0x6 contiki-sky.a(clock.o)
 .text.clock_fine
                0x00000000        0xa contiki-sky.a(clock.o)
 .text.clock_wait
                0x00000000       0x36 contiki-sky.a(clock.o)
 .text.clock_set_seconds
                0x00000000       0x1c contiki-sky.a(clock.o)
 .text.clock_seconds
                0x00000000       0x1a contiki-sky.a(clock.o)
 .text.clock_counter
                0x00000000        0xe contiki-sky.a(clock.o)
 .text          0x00000000        0x0 contiki-sky.a(leds.o)
 .data          0x00000000        0x0 contiki-sky.a(leds.o)
 .text.leds_get
                0x00000000        0x6 contiki-sky.a(leds.o)
 .text.leds_invert
                0x00000000        0xa contiki-sky.a(leds.o)
 .text.leds_toggle
                0x00000000        0x6 contiki-sky.a(leds.o)
 .text.leds_blink
                0x00000000       0x26 contiki-sky.a(leds.o)
 .text          0x00000000        0x0 contiki-sky.a(leds-arch.o)
 .data          0x00000000        0x0 contiki-sky.a(leds-arch.o)
 .bss           0x00000000        0x0 contiki-sky.a(leds-arch.o)
 .text.leds_arch_get
                0x00000000       0x2e contiki-sky.a(leds-arch.o)
 .text          0x00000000        0x0 contiki-sky.a(watchdog.o)
 .data          0x00000000        0x0 contiki-sky.a(watchdog.o)
 .text.watchdog_reboot
                0x00000000        0x6 contiki-sky.a(watchdog.o)
 .text          0x00000000        0x0 contiki-sky.a(rtimer-arch.o)
 .data          0x00000000        0x0 contiki-sky.a(rtimer-arch.o)
 .bss           0x00000000        0x0 contiki-sky.a(rtimer-arch.o)
 .text          0x00000000        0x0 contiki-sky.a(mac.o)
 .data          0x00000000        0x0 contiki-sky.a(mac.o)
 .bss           0x00000000        0x0 contiki-sky.a(mac.o)
 .data          0x00000000        0x0 contiki-sky.a(framer-802154.o)
 .text          0x00000000        0x0 contiki-sky.a(spi.o)
 .data          0x00000000        0x0 contiki-sky.a(spi.o)
 .bss           0x00000000        0x2 contiki-sky.a(spi.o)
 .data          0x00000000        0x0 contiki-sky.a(frame802154.o)
 .bss           0x00000000        0x0 contiki-sky.a(frame802154.o)
 .text          0x00000000        0x0 /usr/lib/gcc/msp430/4.5.3/mmpy-16/libgcc.a(_mulsi3.o)
 .data          0x00000000        0x0 /usr/lib/gcc/msp430/4.5.3/mmpy-16/libgcc.a(_mulsi3.o)
 .bss           0x00000000        0x0 /usr/lib/gcc/msp430/4.5.3/mmpy-16/libgcc.a(_mulsi3.o)
 .text          0x00000000        0x0 /usr/lib/gcc/msp430/4.5.3/mmpy-16/libgcc.a(_divmodhi4.o)
 .data          0x00000000        0x0 /usr/lib/gcc/msp430/4.5.3/mmpy-16/libgcc.a(_divmodhi4.o)
 .bss           0x00000000        0x0 /usr/lib/gcc/msp430/4.5.3/mmpy-16/libgcc.a(_divmodhi4.o)
 .text          0x00000000        0x0 /usr/lib/gcc/msp430/4.5.3/mmpy-16/libgcc.a(_udivmodsi4.o)
 .data          0x00000000        0x0 /usr/lib/gcc/msp430/4.5.3/mmpy-16/libgcc.a(_udivmodsi4.o)
 .bss           0x00000000        0x0 /usr/lib/gcc/msp430/4.5.3/mmpy-16/libgcc.a(_udivmodsi4.o)
 .text          0x00000000        0x0 /usr/lib/gcc/msp430/4.5.3/mmpy-16/libgcc.a(_udivmodhi4.o)
 .data          0x00000000        0x0 /usr/lib/gcc/msp430/4.5.3/mmpy-16/libgcc.a(_udivmodhi4.o)
 .bss           0x00000000        0x0 /usr/lib/gcc/msp430/4.5.3/mmpy-16/libgcc.a(_udivmodhi4.o)
 .text          0x00000000       0x30 /usr/lib/gcc/msp430/4.5.3/../../../../msp430/lib/mmpy-16/libc.a(strncmp.o)
 .data          0x00000000        0x0 /usr/lib/gcc/msp430/4.5.3/../../../../msp430/lib/mmpy-16/libc.a(strncmp.o)
 .bss           0x00000000        0x0 /usr/lib/gcc/msp430/4.5.3/../../../../msp430/lib/mmpy-16/libc.a(strncmp.o)
 .debug_abbrev  0x00000000       0x6d /usr/lib/gcc/msp430/4.5.3/../../../../msp430/lib/mmpy-16/libc.a(strncmp.o)
 .debug_info    0x00000000       0xbd /usr/lib/gcc/msp430/4.5.3/../../../../msp430/lib/mmpy-16/libc.a(strncmp.o)
 .debug_line    0x00000000       0x76 /usr/lib/gcc/msp430/4.5.3/../../../../msp430/lib/mmpy-16/libc.a(strncmp.o)
 .debug_frame   0x00000000       0x24 /usr/lib/gcc/msp430/4.5.3/../../../../msp430/lib/mmpy-16/libc.a(strncmp.o)
 .debug_loc     0x00000000       0x63 /usr/lib/gcc/msp430/4.5.3/../../../../msp430/lib/mmpy-16/libc.a(strncmp.o)
 .debug_pubnames
                0x00000000       0x1e /usr/lib/gcc/msp430/4.5.3/../../../../msp430/lib/mmpy-16/libc.a(strncmp.o)
 .debug_pubtypes
                0x00000000       0x1d /usr/lib/gcc/msp430/4.5.3/../../../../msp430/lib/mmpy-16/libc.a(strncmp.o)
 .debug_aranges
                0x00000000       0x14 /usr/lib/gcc/msp430/4.5.3/../../../../msp430/lib/mmpy-16/libc.a(strncmp.o)
 .debug_str     0x00000000       0xd4 /usr/lib/gcc/msp430/4.5.3/../../../../msp430/lib/mmpy-16/libc.a(strncmp.o)
 .data          0x00000000        0x0 /usr/lib/gcc/msp430/4.5.3/../../../../msp430/lib/mmpy-16/libc.a(memcmp.o)
 .bss           0x00000000        0x0 /usr/lib/gcc/msp430/4.5.3/../../../../msp430/lib/mmpy-16/libc.a(memcmp.o)
 .data          0x00000000        0x0 /usr/lib/gcc/msp430/4.5.3/../../../../msp430/lib/mmpy-16/libc.a(memcpy.o)
 .bss           0x00000000        0x0 /usr/lib/gcc/msp430/4.5.3/../../../../msp430/lib/mmpy-16/libc.a(memcpy.o)
 .data          0x00000000        0x0 /usr/lib/gcc/msp430/4.5.3/../../../../msp430/lib/mmpy-16/libc.a(memset.o)
 .bss           0x00000000        0x0 /usr/lib/gcc/msp430/4.5.3/../../../../msp430/lib/mmpy-16/libc.a(memset.o)
 .data          0x00000000        0x0 /usr/lib/gcc/msp430/4.5.3/../../../../msp430/lib/mmpy-16/libc.a(printf.o)
 .bss           0x00000000        0x0 /usr/lib/gcc/msp430/4.5.3/../../../../msp430/lib/mmpy-16/libc.a(printf.o)
 .data          0x00000000        0x0 /usr/lib/gcc/msp430/4.5.3/../../../../msp430/lib/mmpy-16/libc.a(vuprintf.o)
 .bss           0x00000000        0x0 /usr/lib/gcc/msp430/4.5.3/../../../../msp430/lib/mmpy-16/libc.a(vuprintf.o)
 .data          0x00000000        0x0 /usr/lib/gcc/msp430/4.5.3/../../../../msp430/lib/mmpy-16/libc.a(puts.o)
 .bss           0x00000000        0x0 /usr/lib/gcc/msp430/4.5.3/../../../../msp430/lib/mmpy-16/libc.a(puts.o)
 .bss           0x00000000        0x0 /usr/lib/gcc/msp430/4.5.3/../../../../msp430/lib/mmpy-16/libc.a(rand.o)
 .text          0x00000000        0x0 /usr/lib/gcc/msp430/4.5.3/mmpy-16/libcrt0.a(_reset_vector__.o)
 .data          0x00000000        0x0 /usr/lib/gcc/msp430/4.5.3/mmpy-16/libcrt0.a(_reset_vector__.o)
 .bss           0x00000000        0x0 /usr/lib/gcc/msp430/4.5.3/mmpy-16/libcrt0.a(_reset_vector__.o)
 .text          0x00000000        0x0 /usr/lib/gcc/msp430/4.5.3/mmpy-16/libcrt0.a(__init_stack.o)
 .data          0x00000000        0x0 /usr/lib/gcc/msp430/4.5.3/mmpy-16/libcrt0.a(__init_stack.o)
 .bss           0x00000000        0x0 /usr/lib/gcc/msp430/4.5.3/mmpy-16/libcrt0.a(__init_stack.o)
 .text          0x00000000        0x0 /usr/lib/gcc/msp430/4.5.3/mmpy-16/libcrt0.a(__low_level_init.o)
 .data          0x00000000        0x0 /usr/lib/gcc/msp430/4.5.3/mmpy-16/libcrt0.a(__low_level_init.o)
 .bss           0x00000000        0x0 /usr/lib/gcc/msp430/4.5.3/mmpy-16/libcrt0.a(__low_level_init.o)
 .text          0x00000000        0x0 /usr/lib/gcc/msp430/4.5.3/mmpy-16/libcrt0.a(_copy_data.o)
 .data          0x00000000        0x0 /usr/lib/gcc/msp430/4.5.3/mmpy-16/libcrt0.a(_copy_data.o)
 .bss           0x00000000        0x0 /usr/lib/gcc/msp430/4.5.3/mmpy-16/libcrt0.a(_copy_data.o)
 .text          0x00000000        0x0 /usr/lib/gcc/msp430/4.5.3/mmpy-16/libcrt0.a(_clear_bss.o)
 .data          0x00000000        0x0 /usr/lib/gcc/msp430/4.5.3/mmpy-16/libcrt0.a(_clear_bss.o)
 .bss           0x00000000        0x0 /usr/lib/gcc/msp430/4.5.3/mmpy-16/libcrt0.a(_clear_bss.o)
 .text          0x00000000        0x0 /usr/lib/gcc/msp430/4.5.3/mmpy-16/libcrt0.a(__stop_progExec__.o)
 .data          0x00000000        0x0 /usr/lib/gcc/msp430/4.5.3/mmpy-16/libcrt0.a(__stop_progExec__.o)
 .bss           0x00000000        0x0 /usr/lib/gcc/msp430/4.5.3/mmpy-16/libcrt0.a(__stop_progExec__.o)
 .text          0x00000000        0x0 /usr/lib/gcc/msp430/4.5.3/mmpy-16/libcrt0.a(_endless_loop__.o)
 .data          0x00000000        0x0 /usr/lib/gcc/msp430/4.5.3/mmpy-16/libcrt0.a(_endless_loop__.o)
 .bss           0x00000000        0x0 /usr/lib/gcc/msp430/4.5.3/mmpy-16/libcrt0.a(_endless_loop__.o)
 .text          0x00000000        0x0 /usr/lib/gcc/msp430/4.5.3/mmpy-16/libcrt0.a(_unexpected_.o)
 .data          0x00000000        0x0 /usr/lib/gcc/msp430/4.5.3/mmpy-16/libcrt0.a(_unexpected_.o)
 .bss           0x00000000        0x0 /usr/lib/gcc/msp430/4.5.3/mmpy-16/libcrt0.a(_unexpected_.o)

Memory Configuration

Name             Origin             Length             Attributes
sfr              0x00000000         0x00000010
peripheral_8bit  0x00000010         0x000000f0
peripheral_16bit 0x00000100         0x00000100
infomem          0x00001000         0x00000100
infob            0x00001000         0x00000080
infoa            0x00001080         0x00000080
ram              0x00001100         0x00002800         xw
rom              0x00004000         0x0000bfe0         xr
vectors          0x0000ffe0         0x00000020
bsl              0x00000000         0x00000000
infoc            0x00000000         0x00000000
infod            0x00000000         0x00000000
far_rom          0x00000000         0x00000000
*default*        0x00000000         0xffffffff

Linker script and memory map

LOAD /usr/lib/gcc/msp430/4.5.3/mmpy-16/crt0ivtbl16.o
LOAD week3_a_broadcast.co
LOAD obj_sky/contiki-sky-main.o
LOAD contiki-sky.a
LOAD /usr/lib/gcc/msp430/4.5.3/mmpy-16/libgcc.a
LOAD /usr/lib/gcc/msp430/4.5.3/../../../../msp430/lib/mmpy-16/libc.a
LOAD /usr/lib/gcc/msp430/4.5.3/mmpy-16/libgcc.a
LOAD /usr/lib/gcc/msp430/4.5.3/mmpy-16/libcrt0.a
                0x00000000                __IE1 = 0x0
                0x00000002                __IFG1 = 0x2
                0x00000004                __ME1 = 0x4
                0x00000001                __IE2 = 0x1
                0x00000003                __IFG2 = 0x3
                0x00000005                __ME2 = 0x5
                0x00000120                __WDTCTL = 0x120
                0x00000130                __MPY = 0x130
                0x00000132                __MPYS = 0x132
                0x00000134                __MAC = 0x134
                0x00000136                __MACS = 0x136
                0x00000138                __OP2 = 0x138
                0x0000013a                __RESLO = 0x13a
                0x0000013c                __RESHI = 0x13c
                0x0000013e                __SUMEXT = 0x13e
                0x00000020                __P1IN = 0x20
                0x00000021                __P1OUT = 0x21
                0x00000022                __P1DIR = 0x22
                0x00000023                __P1IFG = 0x23
                0x00000024                __P1IES = 0x24
                0x00000025                __P1IE = 0x25
                0x00000026                __P1SEL = 0x26
                0x00000028                __P2IN = 0x28
                0x00000029                __P2OUT = 0x29
                0x0000002a                __P2DIR = 0x2a
                0x0000002b                __P2IFG = 0x2b
                0x0000002c                __P2IES = 0x2c
                0x0000002d                __P2IE = 0x2d
                0x0000002e                __P2SEL = 0x2e
                0x00000018                __P3IN = 0x18
                0x00000019                __P3OUT = 0x19
                0x0000001a                __P3DIR = 0x1a
                0x0000001b                __P3SEL = 0x1b
                0x0000001c                __P4IN = 0x1c
                0x0000001d                __P4OUT = 0x1d
                0x0000001e                __P4DIR = 0x1e
                0x0000001f                __P4SEL = 0x1f
                0x00000030                __P5IN = 0x30
                0x00000031                __P5OUT = 0x31
                0x00000032                __P5DIR = 0x32
                0x00000033                __P5SEL = 0x33
                0x00000034                __P6IN = 0x34
                0x00000035                __P6OUT = 0x35
                0x00000036                __P6DIR = 0x36
                0x00000037                __P6SEL = 0x37
                0x00000070                __U0CTL = 0x70
                0x00000071                __U0TCTL = 0x71
                0x00000072                __U0RCTL = 0x72
                0x00000073                __U0MCTL = 0x73
                0x00000074                __U0BR0 = 0x74
                0x00000075                __U0BR1 = 0x75
                0x00000076                __U0RXBUF = 0x76
                0x00000077                __U0TXBUF = 0x77
                0x00000078                __U1CTL = 0x78
                0x00000079                __U1TCTL = 0x79
                0x0000007a                __U1RCTL = 0x7a
                0x0000007b                __U1MCTL = 0x7b
                0x0000007c                __U1BR0 = 0x7c
                0x0000007d                __U1BR1 = 0x7d
                0x0000007e                __U1RXBUF = 0x7e
                0x0000007f                __U1TXBUF = 0x7f
                0x00000050                __I2CIE = 0x50
                0x00000051                __I2CIFG = 0x51
                0x00000052                __I2CNDAT = 0x52
                0x00000071                __I2CTCTL = 0x71
                0x00000072                __I2CDCTL = 0x72
                0x00000073                __I2CPSC = 0x73
                0x00000074                __I2CSCLH = 0x74
                0x00000075                __I2CSCLL = 0x75
                0x00000076                __I2CDRB = 0x76
                0x00000076                __I2CDRW = 0x76
                0x00000118                __I2COA = 0x118
                0x0000011a                __I2CSA = 0x11a
                0x0000011c                __I2CIV = 0x11c
                0x0000012e                __TAIV = 0x12e
                0x00000160                __TACTL = 0x160
                0x00000162                __TACCTL0 = 0x162
                0x00000164                __TACCTL1 = 0x164
                0x00000166                __TACCTL2 = 0x166
                0x00000170                __TAR = 0x170
                0x00000172                __TACCR0 = 0x172
                0x00000174                __TACCR1 = 0x174
                0x00000176                __TACCR2 = 0x176
                0x0000011e                __TBIV = 0x11e
                0x00000180                __TBCTL = 0x180
                0x00000182                __TBCCTL0 = 0x182
                0x00000184                __TBCCTL1 = 0x184
                0x00000186                __TBCCTL2 = 0x186
                0x00000188                __TBCCTL3 = 0x188
                0x0000018a                __TBCCTL4 = 0x18a
                0x0000018c                __TBCCTL5 = 0x18c
                0x0000018e                __TBCCTL6 = 0x18e
                0x00000190                __TBR = 0x190
                0x00000192                __TBCCR0 = 0x192
                0x00000194                __TBCCR1 = 0x194
                0x00000196                __TBCCR2 = 0x196
                0x00000198                __TBCCR3 = 0x198
                0x0000019a                __TBCCR4 = 0x19a
                0x0000019c                __TBCCR5 = 0x19c
                0x0000019e                __TBCCR6 = 0x19e
                0x00000056                __DCOCTL = 0x56
                0x00000057                __BCSCTL1 = 0x57
                0x00000058                __BCSCTL2 = 0x58
                0x00000055                __SVSCTL = 0x55
                0x00000128                __FCTL1 = 0x128
                0x0000012a                __FCTL2 = 0x12a
                0x0000012c                __FCTL3 = 0x12c
                0x00000059                __CACTL1 = 0x59
                0x0000005a                __CACTL2 = 0x5a
                0x0000005b                __CAPD = 0x5b
                0x000001a0                __ADC12CTL0 = 0x1a0
                0x000001a2                __ADC12CTL1 = 0x1a2
                0x000001a4                __ADC12IFG = 0x1a4
                0x000001a6                __ADC12IE = 0x1a6
                0x000001a8                __ADC12IV = 0x1a8
                0x00000140                __ADC12MEM0 = 0x140
                0x00000142                __ADC12MEM1 = 0x142
                0x00000144                __ADC12MEM2 = 0x144
                0x00000146                __ADC12MEM3 = 0x146
                0x00000148                __ADC12MEM4 = 0x148
                0x0000014a                __ADC12MEM5 = 0x14a
                0x0000014c                __ADC12MEM6 = 0x14c
                0x0000014e                __ADC12MEM7 = 0x14e
                0x00000150                __ADC12MEM8 = 0x150
                0x00000152                __ADC12MEM9 = 0x152
                0x00000154                __ADC12MEM10 = 0x154
                0x00000156                __ADC12MEM11 = 0x156
                0x00000158                __ADC12MEM12 = 0x158
                0x0000015a                __ADC12MEM13 = 0x15a
                0x0000015c                __ADC12MEM14 = 0x15c
                0x0000015e                __ADC12MEM15 = 0x15e
                0x00000080                __ADC12MCTL0 = 0x80
                0x00000081                __ADC12MCTL1 = 0x81
                0x00000082                __ADC12MCTL2 = 0x82
                0x00000083                __ADC12MCTL3 = 0x83
                0x00000084                __ADC12MCTL4 = 0x84
                0x00000085                __ADC12MCTL5 = 0x85
                0x00000086                __ADC12MCTL6 = 0x86
                0x00000087                __ADC12MCTL7 = 0x87
                0x00000088                __ADC12MCTL8 = 0x88
                0x00000089                __ADC12MCTL9 = 0x89
                0x0000008a                __ADC12MCTL10 = 0x8a
                0x0000008b                __ADC12MCTL11 = 0x8b
                0x0000008c                __ADC12MCTL12 = 0x8c
                0x0000008d                __ADC12MCTL13 = 0x8d
                0x0000008e                __ADC12MCTL14 = 0x8e
                0x0000008f                __ADC12MCTL15 = 0x8f
                0x000001c0                __DAC12_0CTL = 0x1c0
                0x000001c2                __DAC12_1CTL = 0x1c2
                0x000001c8                __DAC12_0DAT = 0x1c8
                0x000001ca                __DAC12_1DAT = 0x1ca
                0x00000122                __DMACTL0 = 0x122
                0x00000124                __DMACTL1 = 0x124
                0x000001e0                __DMA0CTL = 0x1e0
                0x000001e8                __DMA1CTL = 0x1e8
                0x000001f0                __DMA2CTL = 0x1f0
                0x000001e2                __DMA0SA = 0x1e2
                0x000001e4                __DMA0DA = 0x1e4
                0x000001e6                __DMA0SZ = 0x1e6
                0x000001ea                __DMA1SA = 0x1ea
                0x000001ec                __DMA1DA = 0x1ec
                0x000001ee                __DMA1SZ = 0x1ee
                0x000001f2                __DMA2SA = 0x1f2
                0x000001f4                __DMA2DA = 0x1f4
                0x000001f6                __DMA2SZ = 0x1f6

.hash
 *(.hash)

.dynsym
 *(.dynsym)

.dynstr
 *(.dynstr)

.gnu.version
 *(.gnu.version)

.gnu.version_d
 *(.gnu.version_d)

.gnu.version_r
 *(.gnu.version_r)

.rel.init
 *(.rel.init)

.rela.init
 *(.rela.init)

.rel.text
 *(.rel.text)
 *(.rel.text.*)
 *(.rel.gnu.linkonce.t*)

.rela.text
 *(.rela.text)
 *(.rela.text.*)
 *(.rela.gnu.linkonce.t*)

.rel.fini
 *(.rel.fini)

.rela.fini
 *(.rela.fini)

.rel.rodata
 *(.rel.rodata)
 *(.rel.rodata.*)
 *(.rel.gnu.linkonce.r*)

.rela.rodata
 *(.rela.rodata)
 *(.rela.rodata.*)
 *(.rela.gnu.linkonce.r*)

.rel.data
 *(.rel.data)
 *(.rel.data.*)
 *(.rel.gnu.linkonce.d*)

.rela.data
 *(.rela.data)
 *(.rela.data.*)
 *(.rela.gnu.linkonce.d*)

.rel.ctors
 *(.rel.ctors)

.rela.ctors
 *(.rela.ctors)

.rel.dtors
 *(.rel.dtors)

.rela.dtors
 *(.rela.dtors)

.rel.got
 *(.rel.got)

.rela.got
 *(.rela.got)

.rel.bss
 *(.rel.bss)

.rela.bss
 *(.rela.bss)

.rel.plt
 *(.rel.plt)

.rela.plt
 *(.rela.plt)

.text           0x00004000     0x4ada
                0x00004000                . = ALIGN (0x2)
 *(.init)
 *(.init0)
 .init0         0x00004000        0x0 /usr/lib/gcc/msp430/4.5.3/mmpy-16/libcrt0.a(_reset_vector__.o)
                0x00004000                _reset_vector__
 *(.init1)
 *(.init2)
 .init2         0x00004000        0x4 /usr/lib/gcc/msp430/4.5.3/mmpy-16/libcrt0.a(__init_stack.o)
                0x00004000                __init_stack
 *(.init3)
 .init3         0x00004004        0xa /usr/lib/gcc/msp430/4.5.3/mmpy-16/libcrt0.a(__low_level_init.o)
                0x00004004                __low_level_init
 *(.init4)
 .init4         0x0000400e       0x16 /usr/lib/gcc/msp430/4.5.3/mmpy-16/libcrt0.a(_copy_data.o)
                0x0000400e                __do_copy_data
 .init4         0x00004024       0x14 /usr/lib/gcc/msp430/4.5.3/mmpy-16/libcrt0.a(_clear_bss.o)
                0x00004024                __do_clear_bss
 *(.init5)
 *(.init6)
 *(.init7)
 *(.init8)
 *(.init9)
 .init9         0x00004038      0x302 obj_sky/contiki-sky-main.o
                0x00004038                main
 *(.fini9)
 .fini9         0x0000433a        0x0 /usr/lib/gcc/msp430/4.5.3/mmpy-16/libcrt0.a(__stop_progExec__.o)
                0x0000433a                __stop_progExec__
 *(.fini8)
 *(.fini7)
 *(.fini6)
 *(.fini5)
 *(.fini4)
 *(.fini3)
 *(.fini2)
 *(.fini1)
 *(.fini0)
 .fini0         0x0000433a        0x6 /usr/lib/gcc/msp430/4.5.3/mmpy-16/libcrt0.a(_endless_loop__.o)
                0x0000433a                _endless_loop__
 *(.fini)
                0x00004340                . = ALIGN (0x2)
                0x00004340                __ctors_start = .
 *(.ctors)
                0x00004340                __ctors_end = .
                0x00004340                __dtors_start = .
 *(.dtors)
                0x00004340                __dtors_end = .
                0x00004340                . = ALIGN (0x2)
 *(.text)
 .text          0x00004340        0x4 /usr/lib/gcc/msp430/4.5.3/mmpy-16/crt0ivtbl16.o
                0x00004340                __isr_14
                0x00004340                __isr_11
                0x00004340                __isr_2
                0x00004340                __isr_7
                0x00004340                __isr_0
                0x00004340                __isr_8
                0x00004340                __isr_3
                0x00004340                __isr_12
                0x00004340                __isr_13
                0x00004340                __isr_9
 .text          0x00004344       0x48 week3_a_broadcast.co
                0x00004384                autostart_processes
 .text          0x0000438c       0xd4 obj_sky/contiki-sky-main.o
 .text          0x00004460        0x2 contiki-sky.a(rimeaddr.o)
                0x00004460                rimeaddr_null
 .text          0x00004462        0xc contiki-sky.a(rime.o)
                0x00004468                rime_driver
 .text          0x0000446e        0x4 contiki-sky.a(broadcast-annou)
 .text          0x00004472        0x8 contiki-sky.a(broadcast.o)
 .text          0x0000447a        0x2 contiki-sky.a(abc.o)
 .text          0x0000447c       0x10 contiki-sky.a(chameleon-bitop)
                0x0000447c                chameleon_bitopt
 .text          0x0000448c       0x14 contiki-sky.a(csma.o)
                0x00004492                csma_driver
 .text          0x000044a0       0x1c contiki-sky.a(contikimac.o)
                0x000044ac                contikimac_driver
 .text          0x000044bc        0xe contiki-sky.a(serial-line.o)
 .text          0x000044ca        0xc contiki-sky.a(etimer.o)
 .text          0x000044d6        0xf contiki-sky.a(ctimer.o)
 *fill*         0x000044e5        0x1 00
 .text          0x000044e6       0x10 contiki-sky.a(button-sensor.o)
                0x000044ee                button_sensor
 .text          0x000044f6        0x8 contiki-sky.a(sensors.o)
 .text          0x000044fe       0x22 contiki-sky.a(cc2420.o)
                0x0000450c                cc2420_driver
 .text          0x00004520        0x4 contiki-sky.a(framer-802154.o)
                0x00004520                framer_802154
 .text          0x00004524        0x2 contiki-sky.a(frame802154.o)
 .text          0x00004526       0x34 /usr/lib/gcc/msp430/4.5.3/../../../../msp430/lib/mmpy-16/libc.a(memcmp.o)
                0x00004526                memcmp
 .text          0x0000455a      0x104 /usr/lib/gcc/msp430/4.5.3/../../../../msp430/lib/mmpy-16/libc.a(memcpy.o)
                0x0000455a                memcpy
 .text          0x0000465e       0x66 /usr/lib/gcc/msp430/4.5.3/../../../../msp430/lib/mmpy-16/libc.a(memset.o)
                0x0000465e                memset
 .text          0x000046c4       0x20 /usr/lib/gcc/msp430/4.5.3/../../../../msp430/lib/mmpy-16/libc.a(printf.o)
                0x000046c4                printf
                0x000046d6                vprintf
 .text          0x000046e4      0x476 /usr/lib/gcc/msp430/4.5.3/../../../../msp430/lib/mmpy-16/libc.a(vuprintf.o)
                0x000047f0                vuprintf
 .text          0x00004b5a       0x2c /usr/lib/gcc/msp430/4.5.3/../../../../msp430/lib/mmpy-16/libc.a(puts.o)
                0x00004b5a                puts
 .text          0x00004b86      0x134 /usr/lib/gcc/msp430/4.5.3/../../../../msp430/lib/mmpy-16/libc.a(rand.o)
                0x00004b86                rand_r
                0x00004c1a                rand
                0x00004cb0                srand
                0x00004cba                . = ALIGN (0x2)
 *(.text.*)
 .text.process_thread_example_broadcast_process
                0x00004cba       0x4e week3_a_broadcast.co
 .text.broadcast_recv
                0x00004d08       0x68 week3_a_broadcast.co
 .text.rimeaddr_copy
                0x00004d70        0x6 contiki-sky.a(rimeaddr.o)
                0x00004d70                rimeaddr_copy
 .text.rimeaddr_cmp
                0x00004d76       0x12 contiki-sky.a(rimeaddr.o)
                0x00004d76                rimeaddr_cmp
 .text.rimeaddr_set_node_addr
                0x00004d88        0xc contiki-sky.a(rimeaddr.o)
                0x00004d88                rimeaddr_set_node_addr
 .text.input    0x00004d94       0x3a contiki-sky.a(rime.o)
 .text.init     0x00004dce       0x2e contiki-sky.a(rime.o)
 .text.packet_sent
                0x00004dfc       0x44 contiki-sky.a(rime.o)
 .text.rime_output
                0x00004e40       0x20 contiki-sky.a(rime.o)
                0x00004e40                rime_output
 .text.announcement_init
                0x00004e60        0xa contiki-sky.a(announcement.o)
                0x00004e60                announcement_init
 .text.announcement_register_observer_callback
                0x00004e6a        0x6 contiki-sky.a(announcement.o)
                0x00004e6a                announcement_register_observer_callback
 .text.announcement_list
                0x00004e70        0xa contiki-sky.a(announcement.o)
                0x00004e70                announcement_list
 .text.announcement_heard
                0x00004e7a       0x42 contiki-sky.a(announcement.o)
                0x00004e7a                announcement_heard
 .text.adv_packet_sent
                0x00004ebc        0x2 contiki-sky.a(broadcast-annou)
 .text.adv_packet_received
                0x00004ebe       0x6c contiki-sky.a(broadcast-annou)
 .text.set_timers
                0x00004f2a       0x60 contiki-sky.a(broadcast-annou)
 .text.new_announcement
                0x00004f8a       0x18 contiki-sky.a(broadcast-annou)
 .text.send_timer
                0x00004fa2       0x38 contiki-sky.a(broadcast-annou)
 .text.send_adv
                0x00004fda       0x66 contiki-sky.a(broadcast-annou)
 .text.broadcast_announcement_init
                0x00005040       0x48 contiki-sky.a(broadcast-annou)
                0x00005040                broadcast_announcement_init
 .text.sent_by_abc
                0x00005088       0x10 contiki-sky.a(broadcast.o)
 .text.recv_from_abc
                0x00005098       0x26 contiki-sky.a(broadcast.o)
 .text.broadcast_open
                0x000050be       0x2a contiki-sky.a(broadcast.o)
                0x000050be                broadcast_open
 .text.broadcast_close
                0x000050e8        0x6 contiki-sky.a(broadcast.o)
                0x000050e8                broadcast_close
 .text.broadcast_send
                0x000050ee       0x1a contiki-sky.a(broadcast.o)
                0x000050ee                broadcast_send
 .text.abc_open
                0x00005108       0x26 contiki-sky.a(abc.o)
                0x00005108                abc_open
 .text.abc_close
                0x0000512e        0x6 contiki-sky.a(abc.o)
                0x0000512e                abc_close
 .text.abc_send
                0x00005134        0x6 contiki-sky.a(abc.o)
                0x00005134                abc_send
 .text.abc_input
                0x0000513a        0xe contiki-sky.a(abc.o)
                0x0000513a                abc_input
 .text.abc_sent
                0x00005148       0x10 contiki-sky.a(abc.o)
                0x00005148                abc_sent
 .text.chameleon_init
                0x00005158        0x6 contiki-sky.a(chameleon.o)
                0x00005158                chameleon_init
 .text.chameleon_parse
                0x0000515e       0x10 contiki-sky.a(chameleon.o)
                0x0000515e                chameleon_parse
 .text.chameleon_create
                0x0000516e       0x1c contiki-sky.a(chameleon.o)
                0x0000516e                chameleon_create
 .text.chameleon_hdrsize
                0x0000518a        0x6 contiki-sky.a(chameleon.o)
                0x0000518a                chameleon_hdrsize
 .text.channel_init
                0x00005190        0xa contiki-sky.a(channel.o)
                0x00005190                channel_init
 .text.channel_open
                0x0000519a       0x10 contiki-sky.a(channel.o)
                0x0000519a                channel_open
 .text.channel_close
                0x000051aa        0xc contiki-sky.a(channel.o)
                0x000051aa                channel_close
 .text.channel_lookup
                0x000051b6       0x20 contiki-sky.a(channel.o)
                0x000051b6                channel_lookup
 .text.channel_set_attributes
                0x000051d6       0x24 contiki-sky.a(channel.o)
                0x000051d6                channel_set_attributes
 .text.header_size
                0x000051fa       0x16 contiki-sky.a(chameleon-bitop)
 .text.get_bits_in_byte
                0x00005210       0x30 contiki-sky.a(chameleon-bitop)
                0x00005210                get_bits_in_byte
 .text.get_bits
                0x00005240       0xaa contiki-sky.a(chameleon-bitop)
                0x00005240                get_bits
 .text.unpack_header
                0x000052ea       0xde contiki-sky.a(chameleon-bitop)
 .text.set_bits_in_byte
                0x000053c8       0x26 contiki-sky.a(chameleon-bitop)
                0x000053c8                set_bits_in_byte
 .text.set_bits
                0x000053ee       0xb0 contiki-sky.a(chameleon-bitop)
                0x000053ee                set_bits
 .text.pack_header
                0x0000549e       0xb8 contiki-sky.a(chameleon-bitop)
 .text.input_packet
                0x00005556        0x6 contiki-sky.a(csma.o)
 .text.on       0x0000555c        0x6 contiki-sky.a(csma.o)
 .text.off      0x00005562        0x6 contiki-sky.a(csma.o)
 .text.channel_check_interval
                0x00005568        0xc contiki-sky.a(csma.o)
 .text.transmit_packet_list
                0x00005574       0x24 contiki-sky.a(csma.o)
 .text.send_packet
                0x00005598      0x164 contiki-sky.a(csma.o)
 .text.free_packet
                0x000056fc       0x86 contiki-sky.a(csma.o)
 .text.packet_sent
                0x00005782      0x120 contiki-sky.a(csma.o)
 .text.init     0x000058a2       0x1a contiki-sky.a(csma.o)
 .text.on       0x000058bc       0x16 contiki-sky.a(contikimac.o)
 .text.off      0x000058d2       0x1e contiki-sky.a(contikimac.o)
 .text.recv_burst_off
                0x000058f0        0xa contiki-sky.a(contikimac.o)
 .text.turn_off
                0x000058fa       0x20 contiki-sky.a(contikimac.o)
 .text.duty_cycle
                0x0000591a        0x4 contiki-sky.a(contikimac.o)
 .text.turn_on  0x0000591e       0x30 contiki-sky.a(contikimac.o)
 .text.schedule_powercycle_fixed
                0x0000594e       0x40 contiki-sky.a(contikimac.o)
 .text.init     0x0000598e       0x2a contiki-sky.a(contikimac.o)
 .text.powercycle_turn_radio_off
                0x000059b8       0x2c contiki-sky.a(contikimac.o)
 .text.powercycle
                0x000059e4      0x1c0 contiki-sky.a(contikimac.o)
 .text.input_packet
                0x00005ba4      0x118 contiki-sky.a(contikimac.o)
 .text.send_packet.clone.0
                0x00005cbc      0x270 contiki-sky.a(contikimac.o)
 .text.qsend_list
                0x00005f2c       0x80 contiki-sky.a(contikimac.o)
 .text.qsend_packet
                0x00005fac       0x28 contiki-sky.a(contikimac.o)
 .text.call_process
                0x00005fd4       0x4c contiki-sky.a(process.o)
 .text.exit_process
                0x00006020       0x94 contiki-sky.a(process.o)
 .text.do_poll  0x000060b4       0x30 contiki-sky.a(process.o)
 .text.process_alloc_event
                0x000060e4        0xe contiki-sky.a(process.o)
                0x000060e4                process_alloc_event
 .text.process_init
                0x000060f2       0x1c contiki-sky.a(process.o)
                0x000060f2                process_init
 .text.process_run
                0x0000610e       0x9c contiki-sky.a(process.o)
                0x0000610e                process_run
 .text.process_nevents
                0x000061aa        0xc contiki-sky.a(process.o)
                0x000061aa                process_nevents
 .text.process_post
                0x000061b6       0x54 contiki-sky.a(process.o)
                0x000061b6                process_post
 .text.process_post_synch
                0x0000620a       0x12 contiki-sky.a(process.o)
                0x0000620a                process_post_synch
 .text.process_start
                0x0000621c       0x32 contiki-sky.a(process.o)
                0x0000621c                process_start
 .text.process_poll
                0x0000624e       0x1a contiki-sky.a(process.o)
                0x0000624e                process_poll
 .text.autostart_start
                0x00006268       0x18 contiki-sky.a(autostart.o)
                0x00006268                autostart_start
 .text.compower_accumulate
                0x00006280       0x72 contiki-sky.a(compower.o)
                0x00006280                compower_accumulate
 .text.compower_clear
                0x000062f2       0x12 contiki-sky.a(compower.o)
                0x000062f2                compower_clear
 .text.compower_attrconv
                0x00006304       0x10 contiki-sky.a(compower.o)
                0x00006304                compower_attrconv
 .text.process_thread_serial_line_process
                0x00006314       0xa6 contiki-sky.a(serial-line.o)
 .text.serial_line_input_byte
                0x000063ba       0x46 contiki-sky.a(serial-line.o)
                0x000063ba                serial_line_input_byte
 .text.serial_line_init
                0x00006400       0x1c contiki-sky.a(serial-line.o)
                0x00006400                serial_line_init
 .text.memb_init
                0x0000641c       0x36 contiki-sky.a(memb.o)
                0x0000641c                memb_init
 .text.memb_alloc
                0x00006452       0x3e contiki-sky.a(memb.o)
                0x00006452                memb_alloc
 .text.memb_free
                0x00006490       0x3a contiki-sky.a(memb.o)
                0x00006490                memb_free
 .text.memb_inmemb
                0x000064ca       0x2e contiki-sky.a(memb.o)
                0x000064ca                memb_inmemb
 .text.timer_set
                0x000064f8       0x1c contiki-sky.a(timer.o)
                0x000064f8                timer_set
 .text.timer_reset
                0x00006514        0xe contiki-sky.a(timer.o)
                0x00006514                timer_reset
 .text.timer_expired
                0x00006522       0x2e contiki-sky.a(timer.o)
                0x00006522                timer_expired
 .text.list_init
                0x00006550        0x6 contiki-sky.a(list.o)
                0x00006550                list_init
 .text.list_head
                0x00006556        0x4 contiki-sky.a(list.o)
                0x00006556                list_head
 .text.list_tail
                0x0000655a       0x14 contiki-sky.a(list.o)
                0x0000655a                list_tail
 .text.list_remove
                0x0000656e       0x2e contiki-sky.a(list.o)
                0x0000656e                list_remove
 .text.list_push
                0x0000659c       0x1a contiki-sky.a(list.o)
                0x0000659c                list_push
 .text.list_add
                0x000065b6       0x2a contiki-sky.a(list.o)
                0x000065b6                list_add
 .text.list_length
                0x000065e0       0x10 contiki-sky.a(list.o)
                0x000065e0                list_length
 .text.list_item_next
                0x000065f0        0x8 contiki-sky.a(list.o)
                0x000065f0                list_item_next
 .text.update_time
                0x000065f8       0x78 contiki-sky.a(etimer.o)
 .text.etimer_request_poll
                0x00006670        0xa contiki-sky.a(etimer.o)
                0x00006670                etimer_request_poll
 .text.process_thread_etimer_process
                0x0000667a       0xce contiki-sky.a(etimer.o)
 .text.add_timer
                0x00006748       0x40 contiki-sky.a(etimer.o)
 .text.etimer_set
                0x00006788       0x12 contiki-sky.a(etimer.o)
                0x00006788                etimer_set
 .text.etimer_reset
                0x0000679a       0x12 contiki-sky.a(etimer.o)
                0x0000679a                etimer_reset
 .text.etimer_pending
                0x000067ac        0xe contiki-sky.a(etimer.o)
                0x000067ac                etimer_pending
 .text.etimer_next_expiration_time
                0x000067ba       0x16 contiki-sky.a(etimer.o)
                0x000067ba                etimer_next_expiration_time
 .text.etimer_stop
                0x000067d0       0x3c contiki-sky.a(etimer.o)
                0x000067d0                etimer_stop
 .text.process_thread_ctimer_process
                0x0000680c       0xa4 contiki-sky.a(ctimer.o)
 .text.ctimer_init
                0x000068b0       0x18 contiki-sky.a(ctimer.o)
                0x000068b0                ctimer_init
 .text.ctimer_set
                0x000068c8       0x5a contiki-sky.a(ctimer.o)
                0x000068c8                ctimer_set
 .text.ctimer_reset
                0x00006922       0x3a contiki-sky.a(ctimer.o)
                0x00006922                ctimer_reset
 .text.ctimer_stop
                0x0000695c       0x28 contiki-sky.a(ctimer.o)
                0x0000695c                ctimer_stop
 .text.energest_init
                0x00006984       0x2a contiki-sky.a(energest.o)
                0x00006984                energest_init
 .text.energest_type_time
                0x000069ae       0x44 contiki-sky.a(energest.o)
                0x000069ae                energest_type_time
 .text.energest_type_set
                0x000069f2        0xe contiki-sky.a(energest.o)
                0x000069f2                energest_type_set
 .text.energest_flush
                0x00006a00       0x4a contiki-sky.a(energest.o)
                0x00006a00                energest_flush
 .text.rtimer_init
                0x00006a4a        0x6 contiki-sky.a(rtimer.o)
                0x00006a4a                rtimer_init
 .text.rtimer_set
                0x00006a50       0x24 contiki-sky.a(rtimer.o)
                0x00006a50                rtimer_set
 .text.rtimer_run_next
                0x00006a74       0x26 contiki-sky.a(rtimer.o)
                0x00006a74                rtimer_run_next
 .text.random_init
                0x00006a9a        0x6 contiki-sky.a(random.o)
                0x00006a9a                random_init
 .text.random_rand
                0x00006aa0        0x6 contiki-sky.a(random.o)
                0x00006aa0                random_rand
 .text.ringbuf_init
                0x00006aa6       0x14 contiki-sky.a(ringbuf.o)
                0x00006aa6                ringbuf_init
 .text.ringbuf_put
                0x00006aba       0x3c contiki-sky.a(ringbuf.o)
                0x00006aba                ringbuf_put
 .text.ringbuf_get
                0x00006af6       0x32 contiki-sky.a(ringbuf.o)
                0x00006af6                ringbuf_get
 .text.packetbuf_copyto_hdr
                0x00006b28       0x1c contiki-sky.a(packetbuf.o)
                0x00006b28                packetbuf_copyto_hdr
 .text.packetbuf_copyto
                0x00006b44       0x52 contiki-sky.a(packetbuf.o)
                0x00006b44                packetbuf_copyto
 .text.packetbuf_hdr_remove
                0x00006b96        0x6 contiki-sky.a(packetbuf.o)
                0x00006b96                packetbuf_hdr_remove
 .text.packetbuf_hdrreduce
                0x00006b9c       0x1a contiki-sky.a(packetbuf.o)
                0x00006b9c                packetbuf_hdrreduce
 .text.packetbuf_set_datalen
                0x00006bb6        0x6 contiki-sky.a(packetbuf.o)
                0x00006bb6                packetbuf_set_datalen
 .text.packetbuf_dataptr
                0x00006bbc        0xa contiki-sky.a(packetbuf.o)
                0x00006bbc                packetbuf_dataptr
 .text.packetbuf_hdrptr
                0x00006bc6        0xa contiki-sky.a(packetbuf.o)
                0x00006bc6                packetbuf_hdrptr
 .text.packetbuf_is_reference
                0x00006bd0        0xe contiki-sky.a(packetbuf.o)
                0x00006bd0                packetbuf_is_reference
 .text.packetbuf_compact
                0x00006bde       0x48 contiki-sky.a(packetbuf.o)
                0x00006bde                packetbuf_compact
 .text.packetbuf_reference_ptr
                0x00006c26        0x6 contiki-sky.a(packetbuf.o)
                0x00006c26                packetbuf_reference_ptr
 .text.packetbuf_datalen
                0x00006c2c        0x6 contiki-sky.a(packetbuf.o)
                0x00006c2c                packetbuf_datalen
 .text.packetbuf_totlen
                0x00006c32       0x10 contiki-sky.a(packetbuf.o)
                0x00006c32                packetbuf_totlen
 .text.packetbuf_hdralloc
                0x00006c42       0x2e contiki-sky.a(packetbuf.o)
                0x00006c42                packetbuf_hdralloc
 .text.packetbuf_attr_clear
                0x00006c70       0x2e contiki-sky.a(packetbuf.o)
                0x00006c70                packetbuf_attr_clear
 .text.packetbuf_clear
                0x00006c9e       0x20 contiki-sky.a(packetbuf.o)
                0x00006c9e                packetbuf_clear
 .text.packetbuf_copyfrom
                0x00006cbe       0x2e contiki-sky.a(packetbuf.o)
                0x00006cbe                packetbuf_copyfrom
 .text.packetbuf_attr_copyto
                0x00006cec       0x20 contiki-sky.a(packetbuf.o)
                0x00006cec                packetbuf_attr_copyto
 .text.packetbuf_attr_copyfrom
                0x00006d0c       0x2c contiki-sky.a(packetbuf.o)
                0x00006d0c                packetbuf_attr_copyfrom
 .text.queuebuf_init
                0x00006d38       0x1a contiki-sky.a(queuebuf.o)
                0x00006d38                queuebuf_init
 .text.queuebuf_new_from_packetbuf
                0x00006d52       0x80 contiki-sky.a(queuebuf.o)
                0x00006d52                queuebuf_new_from_packetbuf
 .text.queuebuf_update_attr_from_packetbuf
                0x00006dd2       0x12 contiki-sky.a(queuebuf.o)
                0x00006dd2                queuebuf_update_attr_from_packetbuf
 .text.queuebuf_free
                0x00006de4       0x46 contiki-sky.a(queuebuf.o)
                0x00006de4                queuebuf_free
 .text.queuebuf_to_packetbuf
                0x00006e2a       0x70 contiki-sky.a(queuebuf.o)
                0x00006e2a                queuebuf_to_packetbuf
 .text.queuebuf_attr
                0x00006e9a        0xe contiki-sky.a(queuebuf.o)
                0x00006e9a                queuebuf_attr
 .text.init_platform
                0x00006ea8        0xc contiki-sky.a(contiki-sky-pla)
                0x00006ea8                init_platform
 .text.status   0x00006eb4       0x16 contiki-sky.a(button-sensor.o)
 .text.configure
                0x00006eca       0x4a contiki-sky.a(button-sensor.o)
 .text.value    0x00006f14       0x26 contiki-sky.a(button-sensor.o)
 .text.irq_p2   0x00006f3a       0x92 contiki-sky.a(button-sensor.o)
                0x00006f3a                irq_p2
                0x00006f3a                __isr_1
 .text.crc8_add
                0x00006fcc       0x1a contiki-sky.a(ds2411.o)
 .text.owreadb  0x00006fe6       0x56 contiki-sky.a(ds2411.o)
 .text.ds2411_init
                0x0000703c      0x10a contiki-sky.a(ds2411.o)
                0x0000703c                ds2411_init
 .text.wait_ready
                0x00007146       0x4e contiki-sky.a(xmem.o)
 .text.xmem_init
                0x00007194       0x3c contiki-sky.a(xmem.o)
                0x00007194                xmem_init
 .text.xmem_pread
                0x000071d0       0xdc contiki-sky.a(xmem.o)
                0x000071d0                xmem_pread
 .text.node_id_restore
                0x000072ac       0x38 contiki-sky.a(node-id.o)
                0x000072ac                node_id_restore
 .text.get_sensor_index
                0x000072e4       0x22 contiki-sky.a(sensors.o)
 .text.process_thread_sensors_process
                0x00007306       0xc2 contiki-sky.a(sensors.o)
 .text.sensors_changed
                0x000073c8       0x14 contiki-sky.a(sensors.o)
                0x000073c8                sensors_changed
 .text.strobe   0x000073dc       0x1e contiki-sky.a(cc2420.o)
 .text.status   0x000073fa       0x24 contiki-sky.a(cc2420.o)
 .text.getreg   0x0000741e       0x50 contiki-sky.a(cc2420.o)
 .text.setreg   0x0000746e       0x48 contiki-sky.a(cc2420.o)
 .text.set_txpower
                0x000074b6       0x2a contiki-sky.a(cc2420.o)
 .text.cc2420_receiving_packet
                0x000074e0       0x10 contiki-sky.a(cc2420.o)
 .text.pending_packet
                0x000074f0        0x8 contiki-sky.a(cc2420.o)
 .text.on       0x000074f8       0x46 contiki-sky.a(cc2420.o)
 .text.flushrx  0x0000753e       0x74 contiki-sky.a(cc2420.o)
 .text.off      0x000075b2       0x78 contiki-sky.a(cc2420.o)
 .text.RELEASE_LOCK
                0x0000762a       0x28 contiki-sky.a(cc2420.o)
 .text.cc2420_prepare
                0x00007652       0x82 contiki-sky.a(cc2420.o)
 .text.cc2420_on
                0x000076d4       0x22 contiki-sky.a(cc2420.o)
                0x000076d4                cc2420_on
 .text.cc2420_off
                0x000076f6       0x30 contiki-sky.a(cc2420.o)
                0x000076f6                cc2420_off
 .text.cc2420_cca
                0x00007726       0x7a contiki-sky.a(cc2420.o)
 .text.getrxdata
                0x000077a0       0x4e contiki-sky.a(cc2420.o)
 .text.cc2420_read
                0x000077ee       0xe6 contiki-sky.a(cc2420.o)
 .text.process_thread_cc2420_process
                0x000078d4       0x50 contiki-sky.a(cc2420.o)
 .text.cc2420_set_channel
                0x00007924       0x7a contiki-sky.a(cc2420.o)
                0x00007924                cc2420_set_channel
 .text.cc2420_set_pan_addr
                0x0000799e      0x13a contiki-sky.a(cc2420.o)
                0x0000799e                cc2420_set_pan_addr
 .text.cc2420_init
                0x00007ad8       0xd4 contiki-sky.a(cc2420.o)
                0x00007ad8                cc2420_init
 .text.cc2420_interrupt
                0x00007bac       0x20 contiki-sky.a(cc2420.o)
                0x00007bac                cc2420_interrupt
 .text.cc2420_get_txpower
                0x00007bcc       0x1e contiki-sky.a(cc2420.o)
                0x00007bcc                cc2420_get_txpower
 .text.cc2420_transmit
                0x00007bea      0x1a4 contiki-sky.a(cc2420.o)
 .text.cc2420_send
                0x00007d8e       0x12 contiki-sky.a(cc2420.o)
 .text.cc2420_port1_interrupt
                0x00007da0       0x6a contiki-sky.a(cc2420-arch.o)
                0x00007da0                __isr_4
                0x00007da0                cc2420_port1_interrupt
 .text.cc2420_arch_init
                0x00007e0a       0x1a contiki-sky.a(cc2420-arch.o)
                0x00007e0a                cc2420_arch_init
 .text.handle_rxdma_timer
                0x00007e24       0x42 contiki-sky.a(uart1.o)
 .text.uart1_active
                0x00007e66       0x18 contiki-sky.a(uart1.o)
                0x00007e66                uart1_active
 .text.uart1_set_input
                0x00007e7e       0x20 contiki-sky.a(uart1.o)
                0x00007e7e                uart1_set_input
 .text.uart1_writeb
                0x00007e9e       0x1a contiki-sky.a(uart1.o)
                0x00007e9e                uart1_writeb
 .text.uart1_init
                0x00007eb8       0xee contiki-sky.a(uart1.o)
                0x00007eb8                uart1_init
 .text.putchar  0x00007fa6        0xe contiki-sky.a(uart1-putchar.o)
                0x00007fa6                putchar
 .text.msp430_init_dco
                0x00007fb4       0x74 contiki-sky.a(msp430.o)
                0x00007fb4                msp430_init_dco
 .text.msp430_add_lpm_req
                0x00008028        0xa contiki-sky.a(msp430.o)
                0x00008028                msp430_add_lpm_req
 .text.msp430_cpu_init
                0x00008032       0x2a contiki-sky.a(msp430.o)
                0x00008032                msp430_cpu_init
 .text.splhigh_
                0x0000805c        0x8 contiki-sky.a(msp430.o)
                0x0000805c                splhigh_
 .text.msp430_sync_dco
                0x00008064       0x60 contiki-sky.a(msp430.o)
                0x00008064                msp430_sync_dco
 .text.timera1  0x000080c4       0xee contiki-sky.a(clock.o)
                0x000080c4                __isr_5
                0x000080c4                timera1
 .text.clock_time
                0x000081b2       0x1a contiki-sky.a(clock.o)
                0x000081b2                clock_time
 .text.clock_init
                0x000081cc       0x28 contiki-sky.a(clock.o)
                0x000081cc                clock_init
 .text.clock_delay
                0x000081f4        0xc contiki-sky.a(clock.o)
                0x000081f4                clock_delay
 .text.show_leds
                0x00008200      0x10c contiki-sky.a(leds.o)
 .text.leds_init
                0x0000830c        0xe contiki-sky.a(leds.o)
                0x0000830c                leds_init
 .text.leds_on  0x0000831a       0x14 contiki-sky.a(leds.o)
                0x0000831a                leds_on
 .text.leds_off
                0x0000832e       0x14 contiki-sky.a(leds.o)
                0x0000832e                leds_off
 .text.leds_arch_init
                0x00008342        0xe contiki-sky.a(leds-arch.o)
                0x00008342                leds_arch_init
 .text.leds_arch_set
                0x00008350       0x3a contiki-sky.a(leds-arch.o)
                0x00008350                leds_arch_set
 .text.watchdog_interrupt
                0x0000838a        0x6 contiki-sky.a(watchdog.o)
                0x0000838a                __isr_10
                0x0000838a                watchdog_interrupt
 .text.watchdog_start
                0x00008390       0x14 contiki-sky.a(watchdog.o)
                0x00008390                watchdog_start
 .text.watchdog_periodic
                0x000083a4       0x12 contiki-sky.a(watchdog.o)
                0x000083a4                watchdog_periodic
 .text.watchdog_stop
                0x000083b6       0x16 contiki-sky.a(watchdog.o)
                0x000083b6                watchdog_stop
 .text.watchdog_init
                0x000083cc       0x14 contiki-sky.a(watchdog.o)
                0x000083cc                watchdog_init
 .text.rtimer_arch_init
                0x000083e0        0xe contiki-sky.a(rtimer-arch.o)
                0x000083e0                rtimer_arch_init
 .text.rtimer_arch_now
                0x000083ee        0xe contiki-sky.a(rtimer-arch.o)
                0x000083ee                rtimer_arch_now
 .text.timera0  0x000083fc       0x76 contiki-sky.a(rtimer-arch.o)
                0x000083fc                __isr_6
                0x000083fc                timera0
 .text.rtimer_arch_schedule
                0x00008472        0x6 contiki-sky.a(rtimer-arch.o)
                0x00008472                rtimer_arch_schedule
 .text.mac_call_sent_callback
                0x00008478       0x14 contiki-sky.a(mac.o)
                0x00008478                mac_call_sent_callback
 .text.parse    0x0000848c       0xa8 contiki-sky.a(framer-802154.o)
 .text.create   0x00008534      0x106 contiki-sky.a(framer-802154.o)
 .text.spi_init
                0x0000863a       0x32 contiki-sky.a(spi.o)
                0x0000863a                spi_init
 .text.field_len
                0x0000866c       0x98 contiki-sky.a(frame802154.o)
 .text.frame802154_hdrlen
                0x00008704       0x2e contiki-sky.a(frame802154.o)
                0x00008704                frame802154_hdrlen
 .text.frame802154_create
                0x00008732      0x16c contiki-sky.a(frame802154.o)
                0x00008732                frame802154_create
 .text.frame802154_parse
                0x0000889e      0x19e contiki-sky.a(frame802154.o)
                0x0000889e                frame802154_parse
 .text.libgcc   0x00008a3c       0x20 /usr/lib/gcc/msp430/4.5.3/mmpy-16/libgcc.a(_mulsi3.o)
                0x00008a3c                __mulsi3
 .text.libgcc   0x00008a5c       0x36 /usr/lib/gcc/msp430/4.5.3/mmpy-16/libgcc.a(_divmodhi4.o)
                0x00008a5c                __divmodhi4
 .text.libgcc   0x00008a92       0x2a /usr/lib/gcc/msp430/4.5.3/mmpy-16/libgcc.a(_udivmodsi4.o)
                0x00008a92                __udivmodsi4
 .text.libgcc   0x00008abc       0x1c /usr/lib/gcc/msp430/4.5.3/mmpy-16/libgcc.a(_udivmodhi4.o)
                0x00008abc                __udivmodhi4
 .text.crt0     0x00008ad8        0x2 /usr/lib/gcc/msp430/4.5.3/mmpy-16/libcrt0.a(_unexpected_.o)
                0x00008ad8                _unexpected_

.rodata         0x00008ada        0x0
                0x00008ada                . = ALIGN (0x2)
 *(.rodata .rodata.* .gnu.linkonce.r.*)
                0x00008ada                . = ALIGN (0x2)
                0x00008ada                _etext = .

.data           0x00001100       0x76 load address 0x00008ada
                0x00001100                . = ALIGN (0x2)
                0x00001100                PROVIDE (__data_start, .)
 *(.data)
 .data          0x00001100        0xa week3_a_broadcast.co
                0x00001100                example_broadcast_process
 .data          0x0000110a       0x18 contiki-sky.a(csma.o)
 .data          0x00001122        0xa contiki-sky.a(serial-line.o)
                0x00001122                serial_line_process
 .data          0x0000112c        0xa contiki-sky.a(etimer.o)
                0x0000112c                etimer_process
 .data          0x00001136        0xa contiki-sky.a(ctimer.o)
                0x00001136                ctimer_process
 .data          0x00001140       0x18 contiki-sky.a(queuebuf.o)
 .data          0x00001158        0x4 contiki-sky.a(contiki-sky-pla)
                0x00001158                sensors
 .data          0x0000115c        0xa contiki-sky.a(sensors.o)
                0x0000115c                sensors_process
 .data          0x00001166        0xa contiki-sky.a(cc2420.o)
                0x00001166                cc2420_process
 .data          0x00001170        0x2 contiki-sky.a(msp430.o)
 .data          0x00001172        0x4 /usr/lib/gcc/msp430/4.5.3/../../../../msp430/lib/mmpy-16/libc.a(rand.o)
 *(SORT(.data.*))
                0x00001176                . = ALIGN (0x2)
 *(.gnu.linkonce.d*)
                0x00001176                . = ALIGN (0x2)
                0x00001176                _edata = .
                0x00008ada                PROVIDE (__data_load_start, LOADADDR (.data))
                0x00000076                PROVIDE (__data_size, SIZEOF (.data))

.bss            0x00001176     0x11f6 load address 0x00008b50
                0x00001176                PROVIDE (__bss_start, .)
 *(.bss)
 .bss           0x00001176       0x12 week3_a_broadcast.co
                0x00001176                seqBefore
                0x00001178                numRecv
                0x0000117a                numSent
 .bss           0x00001188        0xc obj_sky/contiki-sky-main.o
 .bss           0x00001194        0x2 contiki-sky.a(rime.o)
 .bss           0x00001196        0x6 contiki-sky.a(announcement.o)
 .bss           0x0000119c       0x46 contiki-sky.a(broadcast-annou)
 .bss           0x000011e2        0x2 contiki-sky.a(channel.o)
 .bss           0x000011e4      0x126 contiki-sky.a(csma.o)
 .bss           0x0000130a       0x78 contiki-sky.a(contikimac.o)
 .bss           0x00001382       0x42 contiki-sky.a(process.o)
                0x00001382                process_list
                0x00001384                process_current
 .bss           0x000013c4        0x8 contiki-sky.a(compower.o)
 .bss           0x000013cc      0x10a contiki-sky.a(serial-line.o)
 .bss           0x000014d6        0x6 contiki-sky.a(etimer.o)
 .bss           0x000014dc        0x4 contiki-sky.a(ctimer.o)
 .bss           0x000014e0        0x2 contiki-sky.a(rtimer.o)
 .bss           0x000014e2       0xba contiki-sky.a(packetbuf.o)
 .bss           0x0000159c      0xc4e contiki-sky.a(queuebuf.o)
 .bss           0x000021ea        0x8 contiki-sky.a(button-sensor.o)
 .bss           0x000021f2        0x2 contiki-sky.a(node-id.o)
                0x000021f2                node_id
 .bss           0x000021f4        0x6 contiki-sky.a(sensors.o)
 .bss           0x000021fa        0xa contiki-sky.a(cc2420.o)
 .bss           0x00002204       0x9a contiki-sky.a(uart1.o)
 .bss           0x0000229e        0xa contiki-sky.a(clock.o)
 .bss           0x000022a8        0x2 contiki-sky.a(leds.o)
 .bss           0x000022aa        0x2 contiki-sky.a(watchdog.o)
 .bss           0x000022ac        0x2 contiki-sky.a(framer-802154.o)
 *(SORT(.bss.*))
 *(COMMON)
 COMMON         0x000022ae        0x2 contiki-sky.a(rimeaddr.o)
                0x000022ae                rimeaddr_node_addr
 COMMON         0x000022b0        0x1 contiki-sky.a(process.o)
                0x000022b0                process_maxevents
 *fill*         0x000022b1        0x1 00
 COMMON         0x000022b2        0x8 contiki-sky.a(compower.o)
                0x000022b2                compower_idle_activity
 COMMON         0x000022ba        0x1 contiki-sky.a(serial-line.o)
                0x000022ba                serial_line_event_message
 *fill*         0x000022bb        0x1 00
 COMMON         0x000022bc       0x56 contiki-sky.a(energest.o)
                0x000022bc                energest_total_time
                0x000022ec                energest_total_count
                0x000022ee                energest_current_mode
                0x000022fa                energest_current_time
 COMMON         0x00002312       0x38 contiki-sky.a(packetbuf.o)
                0x00002312                packetbuf_addrs
                0x0000231a                packetbuf_attrs
 COMMON         0x0000234a        0x2 contiki-sky.a(contiki-sky-pla)
                0x0000234a                sensors_flags
 COMMON         0x0000234c        0x8 contiki-sky.a(ds2411.o)
                0x0000234c                ds2411_id
 COMMON         0x00002354        0x1 contiki-sky.a(sensors.o)
                0x00002354                sensors_event
 *fill*         0x00002355        0x1 00
 COMMON         0x00002356       0x14 contiki-sky.a(cc2420.o)
                0x00002356                cc2420_last_rssi
                0x00002358                cc2420_packets_read
                0x0000235a                cc2420_packets_seen
                0x0000235c                cc2420_sfd_start_time
                0x0000235e                cc2420_time_of_departure
                0x00002360                cc2420_time_of_arrival
                0x00002362                cc2420_last_correlation
                0x00002364                cc2420_authority_level_of_sender
                0x00002366                cc2420_sfd_counter
                0x00002368                cc2420_sfd_end_time
 COMMON         0x0000236a        0x2 contiki-sky.a(msp430.o)
                0x0000236a                msp430_dco_required
                0x0000236c                PROVIDE (__bss_end, .)
                0x0000236c                _end = .
                0x000011f6                PROVIDE (__bss_size, SIZEOF (.bss))

.noinit         0x0000236c        0x0 load address 0x00008b50
                0x0000236c                PROVIDE (__noinit_start, .)
 *(.noinit)
 *(.noinit.*)
 *(COMMON)
                0x0000236c                PROVIDE (__noinit_end, .)
                0x0000236c                _end = .

.infomem        0x00001000        0x0
 *(.infomem)
                0x00001000                . = ALIGN (0x2)
 *(.infomem.*)

.infomemnobits  0x00001000        0x0
                0x00001000                . = ALIGN (0x2)
 *(.infomemnobits)
                0x00001000                . = ALIGN (0x2)
 *(.infomemnobits.*)

.vectors        0x0000ffe0       0x20
                0x0000ffe0                PROVIDE (__vectors_start, .)
 *(.vectors*)
 .vectors       0x0000ffe0       0x20 /usr/lib/gcc/msp430/4.5.3/mmpy-16/crt0ivtbl16.o
                0x0000ffe0                __ivtbl_16
                0x00010000                _vectors_end = .

.fartext        0x00000000        0x0
                0x00000000                . = ALIGN (0x2)
 *(.fartext)
                0x00000000                . = ALIGN (0x2)
 *(.fartext.*)
                0x00000000                _efartext = .

.profiler
 *(.profiler)

.stab
 *(.stab)

.stabstr
 *(.stabstr)

.stab.excl
 *(.stab.excl)

.stab.exclstr
 *(.stab.exclstr)

.stab.index
 *(.stab.index)

.stab.indexstr
 *(.stab.indexstr)

.comment
 *(.comment)

.debug
 *(.debug)

.line
 *(.line)

.debug_srcinfo
 *(.debug_srcinfo)

.debug_sfnames
 *(.debug_sfnames)

.debug_aranges  0x00000000      0x154
 *(.debug_aranges)
 .debug_aranges
                0x00000000       0x14 /usr/lib/gcc/msp430/4.5.3/mmpy-16/libgcc.a(_mulsi3.o)
 .debug_aranges
                0x00000014       0x14 /usr/lib/gcc/msp430/4.5.3/mmpy-16/libgcc.a(_divmodhi4.o)
 .debug_aranges
                0x00000028       0x14 /usr/lib/gcc/msp430/4.5.3/mmpy-16/libgcc.a(_udivmodsi4.o)
 .debug_aranges
                0x0000003c       0x14 /usr/lib/gcc/msp430/4.5.3/mmpy-16/libgcc.a(_udivmodhi4.o)
 .debug_aranges
                0x00000050       0x14 /usr/lib/gcc/msp430/4.5.3/../../../../msp430/lib/mmpy-16/libc.a(memcmp.o)
 .debug_aranges
                0x00000064       0x14 /usr/lib/gcc/msp430/4.5.3/../../../../msp430/lib/mmpy-16/libc.a(memcpy.o)
 .debug_aranges
                0x00000078       0x14 /usr/lib/gcc/msp430/4.5.3/../../../../msp430/lib/mmpy-16/libc.a(memset.o)
 .debug_aranges
                0x0000008c       0x14 /usr/lib/gcc/msp430/4.5.3/../../../../msp430/lib/mmpy-16/libc.a(printf.o)
 .debug_aranges
                0x000000a0       0x14 /usr/lib/gcc/msp430/4.5.3/../../../../msp430/lib/mmpy-16/libc.a(vuprintf.o)
 .debug_aranges
                0x000000b4       0x14 /usr/lib/gcc/msp430/4.5.3/../../../../msp430/lib/mmpy-16/libc.a(puts.o)
 .debug_aranges
                0x000000c8       0x14 /usr/lib/gcc/msp430/4.5.3/../../../../msp430/lib/mmpy-16/libc.a(rand.o)
 .debug_aranges
                0x000000dc       0x14 /usr/lib/gcc/msp430/4.5.3/mmpy-16/libcrt0.a(__init_stack.o)
 .debug_aranges
                0x000000f0       0x14 /usr/lib/gcc/msp430/4.5.3/mmpy-16/libcrt0.a(__low_level_init.o)
 .debug_aranges
                0x00000104       0x14 /usr/lib/gcc/msp430/4.5.3/mmpy-16/libcrt0.a(_copy_data.o)
 .debug_aranges
                0x00000118       0x14 /usr/lib/gcc/msp430/4.5.3/mmpy-16/libcrt0.a(_clear_bss.o)
 .debug_aranges
                0x0000012c       0x14 /usr/lib/gcc/msp430/4.5.3/mmpy-16/libcrt0.a(_endless_loop__.o)
 .debug_aranges
                0x00000140       0x14 /usr/lib/gcc/msp430/4.5.3/mmpy-16/libcrt0.a(_unexpected_.o)

.debug_pubnames
                0x00000000       0xea
 *(.debug_pubnames)
 .debug_pubnames
                0x00000000       0x1d /usr/lib/gcc/msp430/4.5.3/../../../../msp430/lib/mmpy-16/libc.a(memcmp.o)
 .debug_pubnames
                0x0000001d       0x1d /usr/lib/gcc/msp430/4.5.3/../../../../msp430/lib/mmpy-16/libc.a(memcpy.o)
 .debug_pubnames
                0x0000003a       0x1d /usr/lib/gcc/msp430/4.5.3/../../../../msp430/lib/mmpy-16/libc.a(memset.o)
 .debug_pubnames
                0x00000057       0x29 /usr/lib/gcc/msp430/4.5.3/../../../../msp430/lib/mmpy-16/libc.a(printf.o)
 .debug_pubnames
                0x00000080       0x1f /usr/lib/gcc/msp430/4.5.3/../../../../msp430/lib/mmpy-16/libc.a(vuprintf.o)
 .debug_pubnames
                0x0000009f       0x1b /usr/lib/gcc/msp430/4.5.3/../../../../msp430/lib/mmpy-16/libc.a(puts.o)
 .debug_pubnames
                0x000000ba       0x30 /usr/lib/gcc/msp430/4.5.3/../../../../msp430/lib/mmpy-16/libc.a(rand.o)

.debug_info     0x00000000     0x112a
 *(.debug_info)
 .debug_info    0x00000000       0xd7 /usr/lib/gcc/msp430/4.5.3/mmpy-16/libgcc.a(_mulsi3.o)
 .debug_info    0x000000d7       0xd7 /usr/lib/gcc/msp430/4.5.3/mmpy-16/libgcc.a(_divmodhi4.o)
 .debug_info    0x000001ae       0xd7 /usr/lib/gcc/msp430/4.5.3/mmpy-16/libgcc.a(_udivmodsi4.o)
 .debug_info    0x00000285       0xd7 /usr/lib/gcc/msp430/4.5.3/mmpy-16/libgcc.a(_udivmodhi4.o)
 .debug_info    0x0000035c       0xe2 /usr/lib/gcc/msp430/4.5.3/../../../../msp430/lib/mmpy-16/libc.a(memcmp.o)
 .debug_info    0x0000043e      0x113 /usr/lib/gcc/msp430/4.5.3/../../../../msp430/lib/mmpy-16/libc.a(memcpy.o)
 .debug_info    0x00000551       0xfe /usr/lib/gcc/msp430/4.5.3/../../../../msp430/lib/mmpy-16/libc.a(memset.o)
 .debug_info    0x0000064f      0x103 /usr/lib/gcc/msp430/4.5.3/../../../../msp430/lib/mmpy-16/libc.a(printf.o)
 .debug_info    0x00000752      0x3b5 /usr/lib/gcc/msp430/4.5.3/../../../../msp430/lib/mmpy-16/libc.a(vuprintf.o)
 .debug_info    0x00000b07       0x96 /usr/lib/gcc/msp430/4.5.3/../../../../msp430/lib/mmpy-16/libc.a(puts.o)
 .debug_info    0x00000b9d      0x137 /usr/lib/gcc/msp430/4.5.3/../../../../msp430/lib/mmpy-16/libc.a(rand.o)
 .debug_info    0x00000cd4       0xb9 /usr/lib/gcc/msp430/4.5.3/mmpy-16/libcrt0.a(__init_stack.o)
 .debug_info    0x00000d8d       0xb9 /usr/lib/gcc/msp430/4.5.3/mmpy-16/libcrt0.a(__low_level_init.o)
 .debug_info    0x00000e46       0xb9 /usr/lib/gcc/msp430/4.5.3/mmpy-16/libcrt0.a(_copy_data.o)
 .debug_info    0x00000eff       0xb9 /usr/lib/gcc/msp430/4.5.3/mmpy-16/libcrt0.a(_clear_bss.o)
 .debug_info    0x00000fb8       0xb9 /usr/lib/gcc/msp430/4.5.3/mmpy-16/libcrt0.a(_endless_loop__.o)
 .debug_info    0x00001071       0xb9 /usr/lib/gcc/msp430/4.5.3/mmpy-16/libcrt0.a(_unexpected_.o)
 *(.gnu.linkonce.wi.*)

.debug_abbrev   0x00000000      0x64b
 *(.debug_abbrev)
 .debug_abbrev  0x00000000       0x14 /usr/lib/gcc/msp430/4.5.3/mmpy-16/libgcc.a(_mulsi3.o)
 .debug_abbrev  0x00000014       0x14 /usr/lib/gcc/msp430/4.5.3/mmpy-16/libgcc.a(_divmodhi4.o)
 .debug_abbrev  0x00000028       0x14 /usr/lib/gcc/msp430/4.5.3/mmpy-16/libgcc.a(_udivmodsi4.o)
 .debug_abbrev  0x0000003c       0x14 /usr/lib/gcc/msp430/4.5.3/mmpy-16/libgcc.a(_udivmodhi4.o)
 .debug_abbrev  0x00000050       0x8a /usr/lib/gcc/msp430/4.5.3/../../../../msp430/lib/mmpy-16/libc.a(memcmp.o)
 .debug_abbrev  0x000000da       0x97 /usr/lib/gcc/msp430/4.5.3/../../../../msp430/lib/mmpy-16/libc.a(memcpy.o)
 .debug_abbrev  0x00000171       0x8d /usr/lib/gcc/msp430/4.5.3/../../../../msp430/lib/mmpy-16/libc.a(memset.o)
 .debug_abbrev  0x000001fe       0xce /usr/lib/gcc/msp430/4.5.3/../../../../msp430/lib/mmpy-16/libc.a(printf.o)
 .debug_abbrev  0x000002cc      0x1cb /usr/lib/gcc/msp430/4.5.3/../../../../msp430/lib/mmpy-16/libc.a(vuprintf.o)
 .debug_abbrev  0x00000497       0x60 /usr/lib/gcc/msp430/4.5.3/../../../../msp430/lib/mmpy-16/libc.a(puts.o)
 .debug_abbrev  0x000004f7       0xdc /usr/lib/gcc/msp430/4.5.3/../../../../msp430/lib/mmpy-16/libc.a(rand.o)
 .debug_abbrev  0x000005d3       0x14 /usr/lib/gcc/msp430/4.5.3/mmpy-16/libcrt0.a(__init_stack.o)
 .debug_abbrev  0x000005e7       0x14 /usr/lib/gcc/msp430/4.5.3/mmpy-16/libcrt0.a(__low_level_init.o)
 .debug_abbrev  0x000005fb       0x14 /usr/lib/gcc/msp430/4.5.3/mmpy-16/libcrt0.a(_copy_data.o)
 .debug_abbrev  0x0000060f       0x14 /usr/lib/gcc/msp430/4.5.3/mmpy-16/libcrt0.a(_clear_bss.o)
 .debug_abbrev  0x00000623       0x14 /usr/lib/gcc/msp430/4.5.3/mmpy-16/libcrt0.a(_endless_loop__.o)
 .debug_abbrev  0x00000637       0x14 /usr/lib/gcc/msp430/4.5.3/mmpy-16/libcrt0.a(_unexpected_.o)

.debug_line     0x00000000      0xa6d
 *(.debug_line)
 .debug_line    0x00000000       0x9d /usr/lib/gcc/msp430/4.5.3/mmpy-16/libgcc.a(_mulsi3.o)
 .debug_line    0x0000009d       0xa5 /usr/lib/gcc/msp430/4.5.3/mmpy-16/libgcc.a(_divmodhi4.o)
 .debug_line    0x00000142       0xa1 /usr/lib/gcc/msp430/4.5.3/mmpy-16/libgcc.a(_udivmodsi4.o)
 .debug_line    0x000001e3       0x9a /usr/lib/gcc/msp430/4.5.3/mmpy-16/libgcc.a(_udivmodhi4.o)
 .debug_line    0x0000027d       0x7c /usr/lib/gcc/msp430/4.5.3/../../../../msp430/lib/mmpy-16/libc.a(memcmp.o)
 .debug_line    0x000002f9       0xf3 /usr/lib/gcc/msp430/4.5.3/../../../../msp430/lib/mmpy-16/libc.a(memcpy.o)
 .debug_line    0x000003ec       0xbd /usr/lib/gcc/msp430/4.5.3/../../../../msp430/lib/mmpy-16/libc.a(memset.o)
 .debug_line    0x000004a9       0x72 /usr/lib/gcc/msp430/4.5.3/../../../../msp430/lib/mmpy-16/libc.a(printf.o)
 .debug_line    0x0000051b      0x198 /usr/lib/gcc/msp430/4.5.3/../../../../msp430/lib/mmpy-16/libc.a(vuprintf.o)
 .debug_line    0x000006b3       0x4d /usr/lib/gcc/msp430/4.5.3/../../../../msp430/lib/mmpy-16/libc.a(puts.o)
 .debug_line    0x00000700       0x52 /usr/lib/gcc/msp430/4.5.3/../../../../msp430/lib/mmpy-16/libc.a(rand.o)
 .debug_line    0x00000752       0x82 /usr/lib/gcc/msp430/4.5.3/mmpy-16/libcrt0.a(__init_stack.o)
 .debug_line    0x000007d4       0x84 /usr/lib/gcc/msp430/4.5.3/mmpy-16/libcrt0.a(__low_level_init.o)
 .debug_line    0x00000858       0x88 /usr/lib/gcc/msp430/4.5.3/mmpy-16/libcrt0.a(_copy_data.o)
 .debug_line    0x000008e0       0x88 /usr/lib/gcc/msp430/4.5.3/mmpy-16/libcrt0.a(_clear_bss.o)
 .debug_line    0x00000968       0x83 /usr/lib/gcc/msp430/4.5.3/mmpy-16/libcrt0.a(_endless_loop__.o)
 .debug_line    0x000009eb       0x82 /usr/lib/gcc/msp430/4.5.3/mmpy-16/libcrt0.a(_unexpected_.o)

.debug_frame    0x00000000      0x1ac
 *(.debug_frame)
 .debug_frame   0x00000000       0x28 /usr/lib/gcc/msp430/4.5.3/../../../../msp430/lib/mmpy-16/libc.a(memcmp.o)
 .debug_frame   0x00000028       0x32 /usr/lib/gcc/msp430/4.5.3/../../../../msp430/lib/mmpy-16/libc.a(memcpy.o)
 .debug_frame   0x0000005a       0x32 /usr/lib/gcc/msp430/4.5.3/../../../../msp430/lib/mmpy-16/libc.a(memset.o)
 .debug_frame   0x0000008c       0x2a /usr/lib/gcc/msp430/4.5.3/../../../../msp430/lib/mmpy-16/libc.a(printf.o)
 .debug_frame   0x000000b6       0x82 /usr/lib/gcc/msp430/4.5.3/../../../../msp430/lib/mmpy-16/libc.a(vuprintf.o)
 .debug_frame   0x00000138       0x24 /usr/lib/gcc/msp430/4.5.3/../../../../msp430/lib/mmpy-16/libc.a(puts.o)
 .debug_frame   0x0000015c       0x50 /usr/lib/gcc/msp430/4.5.3/../../../../msp430/lib/mmpy-16/libc.a(rand.o)

.debug_str      0x00000000      0x2e1
 *(.debug_str)
 .debug_str     0x00000000       0x99 /usr/lib/gcc/msp430/4.5.3/../../../../msp430/lib/mmpy-16/libc.a(memcmp.o)
                                 0xd2 (size before relaxing)
 .debug_str     0x00000099       0x34 /usr/lib/gcc/msp430/4.5.3/../../../../msp430/lib/mmpy-16/libc.a(memcpy.o)
                                 0xed (size before relaxing)
 .debug_str     0x000000cd       0x26 /usr/lib/gcc/msp430/4.5.3/../../../../msp430/lib/mmpy-16/libc.a(memset.o)
                                 0xeb (size before relaxing)
 .debug_str     0x000000f3       0x40 /usr/lib/gcc/msp430/4.5.3/../../../../msp430/lib/mmpy-16/libc.a(printf.o)
                                0x101 (size before relaxing)
 .debug_str     0x00000133      0x16a /usr/lib/gcc/msp430/4.5.3/../../../../msp430/lib/mmpy-16/libc.a(vuprintf.o)
                                0x25d (size before relaxing)
 .debug_str     0x0000029d       0x15 /usr/lib/gcc/msp430/4.5.3/../../../../msp430/lib/mmpy-16/libc.a(puts.o)
                                 0xc7 (size before relaxing)
 .debug_str     0x000002b2       0x2f /usr/lib/gcc/msp430/4.5.3/../../../../msp430/lib/mmpy-16/libc.a(rand.o)
                                 0xe6 (size before relaxing)

.debug_loc      0x00000000      0x859
 *(.debug_loc)
 .debug_loc     0x00000000       0x59 /usr/lib/gcc/msp430/4.5.3/../../../../msp430/lib/mmpy-16/libc.a(memcmp.o)
 .debug_loc     0x00000059      0x1d6 /usr/lib/gcc/msp430/4.5.3/../../../../msp430/lib/mmpy-16/libc.a(memcpy.o)
 .debug_loc     0x0000022f       0xeb /usr/lib/gcc/msp430/4.5.3/../../../../msp430/lib/mmpy-16/libc.a(memset.o)
 .debug_loc     0x0000031a       0x24 /usr/lib/gcc/msp430/4.5.3/../../../../msp430/lib/mmpy-16/libc.a(printf.o)
 .debug_loc     0x0000033e      0x49c /usr/lib/gcc/msp430/4.5.3/../../../../msp430/lib/mmpy-16/libc.a(vuprintf.o)
 .debug_loc     0x000007da       0x2d /usr/lib/gcc/msp430/4.5.3/../../../../msp430/lib/mmpy-16/libc.a(puts.o)
 .debug_loc     0x00000807       0x52 /usr/lib/gcc/msp430/4.5.3/../../../../msp430/lib/mmpy-16/libc.a(rand.o)

.debug_macinfo
 *(.debug_macinfo)

.debug_pubtypes
                0x00000000      0x120
 *(.debug_pubtypes)
 .debug_pubtypes
                0x00000000       0x1d /usr/lib/gcc/msp430/4.5.3/../../../../msp430/lib/mmpy-16/libc.a(memcmp.o)
 .debug_pubtypes
                0x0000001d       0x26 /usr/lib/gcc/msp430/4.5.3/../../../../msp430/lib/mmpy-16/libc.a(memcpy.o)
 .debug_pubtypes
                0x00000043       0x32 /usr/lib/gcc/msp430/4.5.3/../../../../msp430/lib/mmpy-16/libc.a(memset.o)
 .debug_pubtypes
                0x00000075       0x31 /usr/lib/gcc/msp430/4.5.3/../../../../msp430/lib/mmpy-16/libc.a(printf.o)
 .debug_pubtypes
                0x000000a6       0x56 /usr/lib/gcc/msp430/4.5.3/../../../../msp430/lib/mmpy-16/libc.a(vuprintf.o)
 .debug_pubtypes
                0x000000fc       0x12 /usr/lib/gcc/msp430/4.5.3/../../../../msp430/lib/mmpy-16/libc.a(puts.o)
 .debug_pubtypes
                0x0000010e       0x12 /usr/lib/gcc/msp430/4.5.3/../../../../msp430/lib/mmpy-16/libc.a(rand.o)

.debug_ranges   0x00000000        0xc
 *(.debug_ranges)
 .debug_ranges  0x00000000        0xc /usr/lib/gcc/msp430/4.5.3/../../../../msp430/lib/mmpy-16/libc.a(vuprintf.o)
                0x00003900                PROVIDE (__stack, (ORIGIN (ram) + 0x2800))
                0x00008ada                PROVIDE (__data_start_rom, _etext)
                0x00008b50                PROVIDE (__data_end_rom, (_etext + SIZEOF (.data)))
OUTPUT(week3_a_broadcast.sky elf32-msp430)
